../FATFS/Target/user_diskio_spi_noHAL.c:91:13:set_sd_interface_speed	0	static
../FATFS/Target/user_diskio_spi_noHAL.c:100:13:spi_rw	0	static
../FATFS/Target/user_diskio_spi_noHAL.c:120:13:SPI_DMA_TransmitReceive	20	static,ignoring_inline_asm
../FATFS/Target/user_diskio_spi_noHAL.c:215:13:wait_ready	8	static
../FATFS/Target/user_diskio_spi_noHAL.c:225:13:send_cmd	16	static
../FATFS/Target/user_diskio_spi_noHAL.c:347:16:rcvr_datablock	8	static
../FATFS/Target/user_diskio_spi_noHAL.c:416:16:xmit_datablock	16	static
../FATFS/Target/user_diskio_spi_noHAL.c:264:9:USER_SPI_initialize	24	static
../FATFS/Target/user_diskio_spi_noHAL.c:341:9:USER_SPI_status	0	static
../FATFS/Target/user_diskio_spi_noHAL.c:383:9:USER_SPI_read	16	static
../FATFS/Target/user_diskio_spi_noHAL.c:452:9:USER_SPI_write	16	static
../FATFS/Target/user_diskio_spi_noHAL.c:485:9:USER_SPI_ioctl	32	static
