../FATFS/Target/user_diskio_spi_noHAL.c:91:13:set_sd_interface_speed	0	static
../FATFS/Target/user_diskio_spi_noHAL.c:100:13:spi_rw	0	static
../FATFS/Target/user_diskio_spi_noHAL.c:121:13:SPI_DMA_TransmitReceive	16	static,ignoring_inline_asm
../FATFS/Target/user_diskio_spi_noHAL.c:218:13:wait_ready	8	static
../FATFS/Target/user_diskio_spi_noHAL.c:228:13:send_cmd	16	static
../FATFS/Target/user_diskio_spi_noHAL.c:350:16:rcvr_datablock	16	static
../FATFS/Target/user_diskio_spi_noHAL.c:419:16:xmit_datablock	16	static
../FATFS/Target/user_diskio_spi_noHAL.c:267:9:USER_SPI_initialize	32	static
../FATFS/Target/user_diskio_spi_noHAL.c:344:9:USER_SPI_status	0	static
../FATFS/Target/user_diskio_spi_noHAL.c:386:9:USER_SPI_read	16	static
../FATFS/Target/user_diskio_spi_noHAL.c:455:9:USER_SPI_write	16	static
../FATFS/Target/user_diskio_spi_noHAL.c:488:9:USER_SPI_ioctl	32	static
