../Display/display.c:144:20:LCD_WRITE_DC	12	static,ignoring_inline_asm
../Display/display.c:45:6:Display_TC_Callback	24	static,ignoring_inline_asm
../Display/display.c:119:13:LCD_SetCS	0	static
../Display/display.c:124:13:LCD_ResCS	0	static
../Display/display.c:129:13:LCD_SetDC	0	static
../Display/display.c:134:13:LCD_ResDC	0	static
../Display/display.c:154:6:LCD_HardWareReset	8	static
../Display/display.c:349:6:LCD_Delete	0	static
../Display/display.c:219:14:LCD_DisplayAdd	40	static,ignoring_inline_asm
../Display/display.c:372:9:LCD_GetBackLight	0	static
../Display/display.c:378:10:LCD_GetWidth	0	static
../Display/display.c:384:10:LCD_GetHeight	0	static
../Display/display.c:391:18:LCD_GetState	0	static
../Display/display.c:166:6:LCD_String_Interpretator	32	static,ignoring_inline_asm
../Display/display.c:400:6:LCD_SetBackLight	0	static
../Display/display.c:364:6:LCD_Init	8	static
../Display/display.c:447:6:LCD_SleepIn	8	static
../Display/display.c:481:6:LCD_SleepOut	8	static
../Display/display.c:490:6:LCD_SetActiveWindow	24	static
../Display/display.c:496:6:LCD_WriteData	16	static,ignoring_inline_asm
../Display/display.c:538:6:LCD_WriteDataDMA	32	static,ignoring_inline_asm
../Display/display.c:799:6:LCD_DrawImage	40	static
../Display/display.c:1027:17:LCD_Color	0	static
../Display/display.c:1037:17:LCD_Color_24b_to_16b	0	static
../Display/display.c:590:6:LCD_FillWindow	40	static,ignoring_inline_asm
../Display/display.c:673:6:LCD_Fill	16	static
../Display/display.c:915:6:LCD_DrawFilledRectangle	4	static
../Display/display.c:678:6:LCD_DrawPixel	40	static
../Display/display.c:686:6:LCD_DrawLine	56	static
../Display/display.c:754:6:LCD_DrawRectangle	40	static
../Display/display.c:920:6:LCD_DrawTriangle	48	static
../Display/display.c:927:6:LCD_DrawFilledTriangle	80	static
../Display/display.c:762:6:LCD_DrawCircle	56	static
../Display/display.c:993:6:LCD_DrawFilledCircle	72	static
../Display/display.c:814:6:LCD_WriteChar	64	static,ignoring_inline_asm
../Display/display.c:894:6:LCD_WriteString	48	static
