Archive member included to satisfy reference by file (symbol)

f:/st/stm32cubeide_1.1.0/stm32cubeide/plugins/com.st.stm32cube.ide.mcu.externaltools.gnu-tools-for-stm32.10.3-2021.10.win32_1.0.100.202210260954/tools/bin/../lib/gcc/arm-none-eabi/10.3.1/../../../../arm-none-eabi/lib/thumb/v7e-m+fp/hard\libc_nano.a(lib_a-calloc.o)
                              ./FileManager/filemanager.o (calloc)
f:/st/stm32cubeide_1.1.0/stm32cubeide/plugins/com.st.stm32cube.ide.mcu.externaltools.gnu-tools-for-stm32.10.3-2021.10.win32_1.0.100.202210260954/tools/bin/../lib/gcc/arm-none-eabi/10.3.1/../../../../arm-none-eabi/lib/thumb/v7e-m+fp/hard\libc_nano.a(lib_a-errno.o)
                              ./Core/Src/syscalls.o (__errno)
f:/st/stm32cubeide_1.1.0/stm32cubeide/plugins/com.st.stm32cube.ide.mcu.externaltools.gnu-tools-for-stm32.10.3-2021.10.win32_1.0.100.202210260954/tools/bin/../lib/gcc/arm-none-eabi/10.3.1/../../../../arm-none-eabi/lib/thumb/v7e-m+fp/hard\libc_nano.a(lib_a-exit.o)
                              f:/st/stm32cubeide_1.1.0/stm32cubeide/plugins/com.st.stm32cube.ide.mcu.externaltools.gnu-tools-for-stm32.10.3-2021.10.win32_1.0.100.202210260954/tools/bin/../lib/gcc/arm-none-eabi/10.3.1/../../../../arm-none-eabi/lib/thumb/v7e-m+fp/hard/crt0.o (exit)
f:/st/stm32cubeide_1.1.0/stm32cubeide/plugins/com.st.stm32cube.ide.mcu.externaltools.gnu-tools-for-stm32.10.3-2021.10.win32_1.0.100.202210260954/tools/bin/../lib/gcc/arm-none-eabi/10.3.1/../../../../arm-none-eabi/lib/thumb/v7e-m+fp/hard\libc_nano.a(lib_a-impure.o)
                              f:/st/stm32cubeide_1.1.0/stm32cubeide/plugins/com.st.stm32cube.ide.mcu.externaltools.gnu-tools-for-stm32.10.3-2021.10.win32_1.0.100.202210260954/tools/bin/../lib/gcc/arm-none-eabi/10.3.1/../../../../arm-none-eabi/lib/thumb/v7e-m+fp/hard\libc_nano.a(lib_a-exit.o) (_global_impure_ptr)
f:/st/stm32cubeide_1.1.0/stm32cubeide/plugins/com.st.stm32cube.ide.mcu.externaltools.gnu-tools-for-stm32.10.3-2021.10.win32_1.0.100.202210260954/tools/bin/../lib/gcc/arm-none-eabi/10.3.1/../../../../arm-none-eabi/lib/thumb/v7e-m+fp/hard\libc_nano.a(lib_a-init.o)
                              f:/st/stm32cubeide_1.1.0/stm32cubeide/plugins/com.st.stm32cube.ide.mcu.externaltools.gnu-tools-for-stm32.10.3-2021.10.win32_1.0.100.202210260954/tools/bin/../lib/gcc/arm-none-eabi/10.3.1/../../../../arm-none-eabi/lib/thumb/v7e-m+fp/hard/crt0.o (__libc_init_array)
f:/st/stm32cubeide_1.1.0/stm32cubeide/plugins/com.st.stm32cube.ide.mcu.externaltools.gnu-tools-for-stm32.10.3-2021.10.win32_1.0.100.202210260954/tools/bin/../lib/gcc/arm-none-eabi/10.3.1/../../../../arm-none-eabi/lib/thumb/v7e-m+fp/hard\libc_nano.a(lib_a-malloc.o)
                              ./FileManager/filemanager.o (free)
f:/st/stm32cubeide_1.1.0/stm32cubeide/plugins/com.st.stm32cube.ide.mcu.externaltools.gnu-tools-for-stm32.10.3-2021.10.win32_1.0.100.202210260954/tools/bin/../lib/gcc/arm-none-eabi/10.3.1/../../../../arm-none-eabi/lib/thumb/v7e-m+fp/hard\libc_nano.a(lib_a-memcmp.o)
                              ./MyString/mystring.o (memcmp)
f:/st/stm32cubeide_1.1.0/stm32cubeide/plugins/com.st.stm32cube.ide.mcu.externaltools.gnu-tools-for-stm32.10.3-2021.10.win32_1.0.100.202210260954/tools/bin/../lib/gcc/arm-none-eabi/10.3.1/../../../../arm-none-eabi/lib/thumb/v7e-m+fp/hard\libc_nano.a(lib_a-memcpy-stub.o)
                              ./FileManager/filemanager.o (memcpy)
f:/st/stm32cubeide_1.1.0/stm32cubeide/plugins/com.st.stm32cube.ide.mcu.externaltools.gnu-tools-for-stm32.10.3-2021.10.win32_1.0.100.202210260954/tools/bin/../lib/gcc/arm-none-eabi/10.3.1/../../../../arm-none-eabi/lib/thumb/v7e-m+fp/hard\libc_nano.a(lib_a-memmove.o)
                              ./Keyboard/keyboard.o (memmove)
f:/st/stm32cubeide_1.1.0/stm32cubeide/plugins/com.st.stm32cube.ide.mcu.externaltools.gnu-tools-for-stm32.10.3-2021.10.win32_1.0.100.202210260954/tools/bin/../lib/gcc/arm-none-eabi/10.3.1/../../../../arm-none-eabi/lib/thumb/v7e-m+fp/hard\libc_nano.a(lib_a-memset.o)
                              f:/st/stm32cubeide_1.1.0/stm32cubeide/plugins/com.st.stm32cube.ide.mcu.externaltools.gnu-tools-for-stm32.10.3-2021.10.win32_1.0.100.202210260954/tools/bin/../lib/gcc/arm-none-eabi/10.3.1/../../../../arm-none-eabi/lib/thumb/v7e-m+fp/hard/crt0.o (memset)
f:/st/stm32cubeide_1.1.0/stm32cubeide/plugins/com.st.stm32cube.ide.mcu.externaltools.gnu-tools-for-stm32.10.3-2021.10.win32_1.0.100.202210260954/tools/bin/../lib/gcc/arm-none-eabi/10.3.1/../../../../arm-none-eabi/lib/thumb/v7e-m+fp/hard\libc_nano.a(lib_a-nano-callocr.o)
                              f:/st/stm32cubeide_1.1.0/stm32cubeide/plugins/com.st.stm32cube.ide.mcu.externaltools.gnu-tools-for-stm32.10.3-2021.10.win32_1.0.100.202210260954/tools/bin/../lib/gcc/arm-none-eabi/10.3.1/../../../../arm-none-eabi/lib/thumb/v7e-m+fp/hard\libc_nano.a(lib_a-calloc.o) (_calloc_r)
[...]
Memory Configuration

Name             Origin             Length             Attributes
RAM              0x0000000020000000 0x0000000000010000 xrw
FLASH            0x0000000008000000 0x0000000000040000 xr
*default*        0x0000000000000000 0xffffffffffffffff

Linker script and memory map

LOAD f:/st/stm32cubeide_1.1.0/stm32cubeide/plugins/com.st.stm32cube.ide.mcu.externaltools.gnu-tools-for-stm32.10.3-2021.10.win32_1.0.100.202210260954/tools/bin/../lib/gcc/arm-none-eabi/10.3.1/thumb/v7e-m+fp/hard/crti.o
LOAD f:/st/stm32cubeide_1.1.0/stm32cubeide/plugins/com.st.stm32cube.ide.mcu.externaltools.gnu-tools-for-stm32.10.3-2021.10.win32_1.0.100.202210260954/tools/bin/../lib/gcc/arm-none-eabi/10.3.1/thumb/v7e-m+fp/hard/crtbegin.o
LOAD f:/st/stm32cubeide_1.1.0/stm32cubeide/plugins/com.st.stm32cube.ide.mcu.externaltools.gnu-tools-for-stm32.10.3-2021.10.win32_1.0.100.202210260954/tools/bin/../lib/gcc/arm-none-eabi/10.3.1/../../../../arm-none-eabi/lib/thumb/v7e-m+fp/hard/crt0.o
LOAD ./Core/Src/main.o
LOAD ./Core/Src/stm32f4xx_hal_msp.o
LOAD ./Core/Src/stm32f4xx_it.o
LOAD ./Core/Src/syscalls.o
LOAD ./Core/Src/sysmem.o
LOAD ./Core/Src/system_stm32f4xx.o
LOAD ./Core/Startup/startup_stm32f401ccux.o
LOAD ./Display/display.o
LOAD ./Display/fonts.o
LOAD ./Display/ili9341.o
LOAD ./Display/st7789.o
LOAD ./Drivers/STM32F4xx_HAL_Driver/Src/stm32f4xx_hal.o
LOAD ./Drivers/STM32F4xx_HAL_Driver/Src/stm32f4xx_hal_cortex.o
LOAD ./Drivers/STM32F4xx_HAL_Driver/Src/stm32f4xx_hal_dma.o
LOAD ./Drivers/STM32F4xx_HAL_Driver/Src/stm32f4xx_hal_dma_ex.o
LOAD ./Drivers/STM32F4xx_HAL_Driver/Src/stm32f4xx_hal_exti.o
LOAD ./Drivers/STM32F4xx_HAL_Driver/Src/stm32f4xx_hal_flash.o
LOAD ./Drivers/STM32F4xx_HAL_Driver/Src/stm32f4xx_hal_flash_ex.o
LOAD ./Drivers/STM32F4xx_HAL_Driver/Src/stm32f4xx_hal_flash_ramfunc.o
LOAD ./Drivers/STM32F4xx_HAL_Driver/Src/stm32f4xx_hal_gpio.o
LOAD ./Drivers/STM32F4xx_HAL_Driver/Src/stm32f4xx_hal_pwr.o
LOAD ./Drivers/STM32F4xx_HAL_Driver/Src/stm32f4xx_hal_pwr_ex.o
LOAD ./Drivers/STM32F4xx_HAL_Driver/Src/stm32f4xx_hal_rcc.o
LOAD ./Drivers/STM32F4xx_HAL_Driver/Src/stm32f4xx_hal_rcc_ex.o
LOAD ./Drivers/STM32F4xx_HAL_Driver/Src/stm32f4xx_hal_tim.o
LOAD ./Drivers/STM32F4xx_HAL_Driver/Src/stm32f4xx_hal_tim_ex.o
LOAD ./Drivers/STM32F4xx_HAL_Driver/Src/stm32f4xx_ll_dma.o
LOAD ./Drivers/STM32F4xx_HAL_Driver/Src/stm32f4xx_ll_exti.o
LOAD ./Drivers/STM32F4xx_HAL_Driver/Src/stm32f4xx_ll_gpio.o
LOAD ./Drivers/STM32F4xx_HAL_Driver/Src/stm32f4xx_ll_rcc.o
LOAD ./Drivers/STM32F4xx_HAL_Driver/Src/stm32f4xx_ll_spi.o
LOAD ./Drivers/STM32F4xx_HAL_Driver/Src/stm32f4xx_ll_tim.o
LOAD ./Drivers/STM32F4xx_HAL_Driver/Src/stm32f4xx_ll_utils.o
LOAD ./FATFS/App/fatfs.o
LOAD ./FATFS/Target/user_diskio.o
LOAD ./FATFS/Target/user_diskio_spi_noHAL.o
LOAD ./FileManager/filemanager.o
LOAD ./FileManager/icons.o
LOAD ./Keyboard/keyboard.o
LOAD ./Middlewares/Third_Party/FatFs/src/diskio.o
LOAD ./Middlewares/Third_Party/FatFs/src/ff.o
LOAD ./Middlewares/Third_Party/FatFs/src/ff_gen_drv.o
LOAD ./Middlewares/Third_Party/FatFs/src/option/ccsbcs.o
LOAD ./Middlewares/Third_Party/FatFs/src/option/syscall.o
LOAD ./MyString/mystring.o
START GROUP
LOAD f:/st/stm32cubeide_1.1.0/stm32cubeide/plugins/com.st.stm32cube.ide.mcu.externaltools.gnu-tools-for-stm32.10.3-2021.10.win32_1.0.100.202210260954/tools/bin/../lib/gcc/arm-none-eabi/10.3.1/../../../../arm-none-eabi/lib/thumb/v7e-m+fp/hard\libc_nano.a
LOAD f:/st/stm32cubeide_1.1.0/stm32cubeide/plugins/com.st.stm32cube.ide.mcu.externaltools.gnu-tools-for-stm32.10.3-2021.10.win32_1.0.100.202210260954/tools/bin/../lib/gcc/arm-none-eabi/10.3.1/../../../../arm-none-eabi/lib/thumb/v7e-m+fp/hard\libm.a
END GROUP
START GROUP
LOAD f:/st/stm32cubeide_1.1.0/stm32cubeide/plugins/com.st.stm32cube.ide.mcu.externaltools.gnu-tools-for-stm32.10.3-2021.10.win32_1.0.100.202210260954/tools/bin/../lib/gcc/arm-none-eabi/10.3.1/thumb/v7e-m+fp/hard\libgcc.a
LOAD f:/st/stm32cubeide_1.1.0/stm32cubeide/plugins/com.st.stm32cube.ide.mcu.externaltools.gnu-tools-for-stm32.10.3-2021.10.win32_1.0.100.202210260954/tools/bin/../lib/gcc/arm-none-eabi/10.3.1/../../../../arm-none-eabi/lib/thumb/v7e-m+fp/hard\libc_nano.a
END GROUP
START GROUP
LOAD f:/st/stm32cubeide_1.1.0/stm32cubeide/plugins/com.st.stm32cube.ide.mcu.externaltools.gnu-tools-for-stm32.10.3-2021.10.win32_1.0.100.202210260954/tools/bin/../lib/gcc/arm-none-eabi/10.3.1/thumb/v7e-m+fp/hard\libgcc.a
LOAD f:/st/stm32cubeide_1.1.0/stm32cubeide/plugins/com.st.stm32cube.ide.mcu.externaltools.gnu-tools-for-stm32.10.3-2021.10.win32_1.0.100.202210260954/tools/bin/../lib/gcc/arm-none-eabi/10.3.1/../../../../arm-none-eabi/lib/thumb/v7e-m+fp/hard\libc_nano.a
LOAD f:/st/stm32cubeide_1.1.0/stm32cubeide/plugins/com.st.stm32cube.ide.mcu.externaltools.gnu-tools-for-stm32.10.3-2021.10.win32_1.0.100.202210260954/tools/bin/../lib/gcc/arm-none-eabi/10.3.1/../../../../arm-none-eabi/lib/thumb/v7e-m+fp/hard\libnosys.a
END GROUP
START GROUP
LOAD f:/st/stm32cubeide_1.1.0/stm32cubeide/plugins/com.st.stm32cube.ide.mcu.externaltools.gnu-tools-for-stm32.10.3-2021.10.win32_1.0.100.202210260954/tools/bin/../lib/gcc/arm-none-eabi/10.3.1/thumb/v7e-m+fp/hard\libgcc.a
LOAD f:/st/stm32cubeide_1.1.0/stm32cubeide/plugins/com.st.stm32cube.ide.mcu.externaltools.gnu-tools-for-stm32.10.3-2021.10.win32_1.0.100.202210260954/tools/bin/../lib/gcc/arm-none-eabi/10.3.1/../../../../arm-none-eabi/lib/thumb/v7e-m+fp/hard\libc_nano.a
LOAD f:/st/stm32cubeide_1.1.0/stm32cubeide/plugins/com.st.stm32cube.ide.mcu.externaltools.gnu-tools-for-stm32.10.3-2021.10.win32_1.0.100.202210260954/tools/bin/../lib/gcc/arm-none-eabi/10.3.1/../../../../arm-none-eabi/lib/thumb/v7e-m+fp/hard\libnosys.a
END GROUP
LOAD f:/st/stm32cubeide_1.1.0/stm32cubeide/plugins/com.st.stm32cube.ide.mcu.externaltools.gnu-tools-for-stm32.10.3-2021.10.win32_1.0.100.202210260954/tools/bin/../lib/gcc/arm-none-eabi/10.3.1/thumb/v7e-m+fp/hard/crtend.o
LOAD f:/st/stm32cubeide_1.1.0/stm32cubeide/plugins/com.st.stm32cube.ide.mcu.externaltools.gnu-tools-for-stm32.10.3-2021.10.win32_1.0.100.202210260954/tools/bin/../lib/gcc/arm-none-eabi/10.3.1/thumb/v7e-m+fp/hard/crtn.o
                0x0000000020010000                _estack = (ORIGIN (RAM) + LENGTH (RAM))
                0x0000000000000200                _Min_Heap_Size = 0x200
                0x0000000000000400                _Min_Stack_Size = 0x400

.isr_vector     0x0000000008000000      0x194
                0x0000000008000000                . = ALIGN (0x4)
 *(.isr_vector)
 .isr_vector    0x0000000008000000      0x194 ./Core/Startup/startup_stm32f401ccux.o
                0x0000000008000000                g_pfnVectors
                0x0000000008000194                . = ALIGN (0x4)

.text           0x0000000008000194     0x47a4
                0x0000000008000194                . = ALIGN (0x4)
 *(.text)
 .text          0x0000000008000194       0x40 f:/st/stm32cubeide_1.1.0/stm32cubeide/plugins/com.st.stm32cube.ide.mcu.externaltools.gnu-tools-for-stm32.10.3-2021.10.win32_1.0.100.202210260954/tools/bin/../lib/gcc/arm-none-eabi/10.3.1/thumb/v7e-m+fp/hard/crtbegin.o
 .text          0x00000000080001d4       0x10 f:/st/stm32cubeide_1.1.0/stm32cubeide/plugins/com.st.stm32cube.ide.mcu.externaltools.gnu-tools-for-stm32.10.3-2021.10.win32_1.0.100.202210260954/tools/bin/../lib/gcc/arm-none-eabi/10.3.1/../../../../arm-none-eabi/lib/thumb/v7e-m+fp/hard\libc_nano.a(lib_a-strlen.o)
                0x00000000080001d4                strlen
 *(.text*)
 .text.LL_AHB1_GRP1_EnableClock
                0x00000000080001e4       0x1c ./Core/Src/main.o
 .text.NVIC_EncodePriority.constprop.0
                0x0000000008000200       0x2a ./Core/Src/main.o
 *fill*         0x000000000800022a        0x2 
 .text.SystemClock_Config
                0x000000000800022c       0xc8 ./Core/Src/main.o
                0x000000000800022c                SystemClock_Config
 .text.startup.main
                0x00000000080002f4      0x67c ./Core/Src/main.o
                0x00000000080002f4                main
 .text.HAL_MspInit
                0x0000000008000970       0x38 ./Core/Src/stm32f4xx_hal_msp.o
                0x0000000008000970                HAL_MspInit
 .text.NMI_Handler
                0x00000000080009a8        0x2 ./Core/Src/stm32f4xx_it.o
                0x00000000080009a8                NMI_Handler
 .text.HardFault_Handler
                0x00000000080009aa        0x2 ./Core/Src/stm32f4xx_it.o
                0x00000000080009aa                HardFault_Handler
 .text.MemManage_Handler
                0x00000000080009ac        0x2 ./Core/Src/stm32f4xx_it.o
                0x00000000080009ac                MemManage_Handler
 .text.BusFault_Handler
                0x00000000080009ae        0x2 ./Core/Src/stm32f4xx_it.o
                0x00000000080009ae                BusFault_Handler
 .text.UsageFault_Handler
                0x00000000080009b0        0x2 ./Core/Src/stm32f4xx_it.o
                0x00000000080009b0                UsageFault_Handler
 .text.SVC_Handler
                0x00000000080009b2        0x2 ./Core/Src/stm32f4xx_it.o
                0x00000000080009b2                SVC_Handler
 .text.DebugMon_Handler
                0x00000000080009b4        0x2 ./Core/Src/stm32f4xx_it.o
                0x00000000080009b4                DebugMon_Handler
 .text.PendSV_Handler
                0x00000000080009b6        0x2 ./Core/Src/stm32f4xx_it.o
                0x00000000080009b6                PendSV_Handler
 .text.SysTick_Handler
                0x00000000080009b8        0x4 ./Core/Src/stm32f4xx_it.o
                0x00000000080009b8                SysTick_Handler
 .text.DMA1_Stream3_IRQHandler
                0x00000000080009bc        0x2 ./Core/Src/stm32f4xx_it.o
                0x00000000080009bc                DMA1_Stream3_IRQHandler
 .text.DMA1_Stream4_IRQHandler
                0x00000000080009be        0x2 ./Core/Src/stm32f4xx_it.o
                0x00000000080009be                DMA1_Stream4_IRQHandler
 .text.TIM1_UP_TIM10_IRQHandler
                0x00000000080009c0       0x10 ./Core/Src/stm32f4xx_it.o
                0x00000000080009c0                TIM1_UP_TIM10_IRQHandler
 .text.DMA2_Stream3_IRQHandler
                0x00000000080009d0        0xc ./Core/Src/stm32f4xx_it.o
                0x00000000080009d0                DMA2_Stream3_IRQHandler
 .text._sbrk    0x00000000080009dc       0x40 ./Core/Src/sysmem.o
                0x00000000080009dc                _sbrk
 .text.SystemInit
                0x0000000008000a1c       0x14 ./Core/Src/system_stm32f4xx.o
                0x0000000008000a1c                SystemInit
 .text.Reset_Handler
                0x0000000008000a30       0x50 ./Core/Startup/startup_stm32f401ccux.o
                0x0000000008000a30                Reset_Handler
 .text.Default_Handler
                0x0000000008000a80        0x2 ./Core/Startup/startup_stm32f401ccux.o
                0x0000000008000a80                RTC_Alarm_IRQHandler
                0x0000000008000a80                EXTI2_IRQHandler
                0x0000000008000a80                SPI4_IRQHandler
                0x0000000008000a80                TIM1_CC_IRQHandler
                0x0000000008000a80                DMA2_Stream5_IRQHandler
                0x0000000008000a80                DMA1_Stream5_IRQHandler
                0x0000000008000a80                PVD_IRQHandler
                0x0000000008000a80                SDIO_IRQHandler
                0x0000000008000a80                TAMP_STAMP_IRQHandler
                0x0000000008000a80                EXTI3_IRQHandler
                0x0000000008000a80                I2C3_ER_IRQHandler
                0x0000000008000a80                EXTI0_IRQHandler
                0x0000000008000a80                I2C2_EV_IRQHandler
                0x0000000008000a80                DMA1_Stream2_IRQHandler
                0x0000000008000a80                FPU_IRQHandler
                0x0000000008000a80                DMA2_Stream2_IRQHandler
                0x0000000008000a80                SPI1_IRQHandler
                0x0000000008000a80                TIM1_BRK_TIM9_IRQHandler
                0x0000000008000a80                USART6_IRQHandler
                0x0000000008000a80                DMA2_Stream0_IRQHandler
                0x0000000008000a80                TIM4_IRQHandler
                0x0000000008000a80                I2C1_EV_IRQHandler
                0x0000000008000a80                DMA1_Stream6_IRQHandler
                0x0000000008000a80                DMA1_Stream1_IRQHandler
                0x0000000008000a80                TIM3_IRQHandler
                0x0000000008000a80                RCC_IRQHandler
                0x0000000008000a80                Default_Handler
                0x0000000008000a80                EXTI15_10_IRQHandler
                0x0000000008000a80                ADC_IRQHandler
                0x0000000008000a80                DMA1_Stream7_IRQHandler
                0x0000000008000a80                TIM5_IRQHandler
                0x0000000008000a80                DMA2_Stream7_IRQHandler
                0x0000000008000a80                I2C3_EV_IRQHandler
                0x0000000008000a80                EXTI9_5_IRQHandler
                0x0000000008000a80                RTC_WKUP_IRQHandler
                0x0000000008000a80                SPI2_IRQHandler
                0x0000000008000a80                DMA1_Stream0_IRQHandler
                0x0000000008000a80                EXTI4_IRQHandler
                0x0000000008000a80                WWDG_IRQHandler
                0x0000000008000a80                TIM2_IRQHandler
                0x0000000008000a80                OTG_FS_WKUP_IRQHandler
                0x0000000008000a80                TIM1_TRG_COM_TIM11_IRQHandler
                0x0000000008000a80                EXTI1_IRQHandler
                0x0000000008000a80                USART2_IRQHandler
                0x0000000008000a80                I2C2_ER_IRQHandler
                0x0000000008000a80                DMA2_Stream1_IRQHandler
                0x0000000008000a80                FLASH_IRQHandler
                0x0000000008000a80                DMA2_Stream4_IRQHandler
                0x0000000008000a80                USART1_IRQHandler
                0x0000000008000a80                OTG_FS_IRQHandler
                0x0000000008000a80                SPI3_IRQHandler
                0x0000000008000a80                I2C1_ER_IRQHandler
                0x0000000008000a80                DMA2_Stream6_IRQHandler
 .text.LCD_WRITE_DC
                0x0000000008000a82       0x26 ./Display/display.o
 .text.Display_TC_Callback
                0x0000000008000aa8       0xdc ./Display/display.o
                0x0000000008000aa8                Display_TC_Callback
 .text.LCD_HardWareReset
                0x0000000008000b84       0x26 ./Display/display.o
                0x0000000008000b84                LCD_HardWareReset
 .text.LCD_Delete
                0x0000000008000baa        0xe ./Display/display.o
                0x0000000008000baa                LCD_Delete
 .text.LCD_DisplayAdd
                0x0000000008000bb8      0x1b0 ./Display/display.o
                0x0000000008000bb8                LCD_DisplayAdd
 .text.LCD_GetState
                0x0000000008000d68        0xa ./Display/display.o
                0x0000000008000d68                LCD_GetState
 .text.LCD_String_Interpretator
                0x0000000008000d72       0xaa ./Display/display.o
                0x0000000008000d72                LCD_String_Interpretator
 .text.LCD_SetBackLight
                0x0000000008000e1c       0x6a ./Display/display.o
                0x0000000008000e1c                LCD_SetBackLight
 .text.LCD_Init
                0x0000000008000e86       0x24 ./Display/display.o
                0x0000000008000e86                LCD_Init
 .text.LCD_SetActiveWindow
                0x0000000008000eaa       0x2e ./Display/display.o
                0x0000000008000eaa                LCD_SetActiveWindow
 .text.LCD_WriteData
                0x0000000008000ed8       0xa8 ./Display/display.o
                0x0000000008000ed8                LCD_WriteData
 .text.LCD_WriteDataDMA
                0x0000000008000f80      0x110 ./Display/display.o
                0x0000000008000f80                LCD_WriteDataDMA
 .text.LCD_DrawImage
                0x0000000008001090       0x70 ./Display/display.o
                0x0000000008001090                LCD_DrawImage
 .text.LCD_Color
                0x0000000008001100       0x28 ./Display/display.o
                0x0000000008001100                LCD_Color
 .text.LCD_Color_24b_to_16b
                0x0000000008001128        0xe ./Display/display.o
                0x0000000008001128                LCD_Color_24b_to_16b
 *fill*         0x0000000008001136        0x2 
 .text.LCD_FillWindow
                0x0000000008001138      0x1a4 ./Display/display.o
                0x0000000008001138                LCD_FillWindow
 .text.LCD_Fill
                0x00000000080012dc       0x20 ./Display/display.o
                0x00000000080012dc                LCD_Fill
 .text.LCD_DrawFilledRectangle
                0x00000000080012fc       0x10 ./Display/display.o
                0x00000000080012fc                LCD_DrawFilledRectangle
 .text.LCD_DrawPixel
                0x000000000800130c       0x38 ./Display/display.o
                0x000000000800130c                LCD_DrawPixel
 .text.LCD_DrawLine
                0x0000000008001344       0xf2 ./Display/display.o
                0x0000000008001344                LCD_DrawLine
 .text.LCD_DrawRectangle
                0x0000000008001436       0x52 ./Display/display.o
                0x0000000008001436                LCD_DrawRectangle
 .text.LCD_WriteChar
                0x0000000008001488      0x1f0 ./Display/display.o
                0x0000000008001488                LCD_WriteChar
 .text.LCD_WriteString
                0x0000000008001678       0x68 ./Display/display.o
                0x0000000008001678                LCD_WriteString
 .text.ST7789_Init
                0x00000000080016e0       0x28 ./Display/st7789.o
                0x00000000080016e0                ST7789_Init
 .text.ST7789_SetWindow
                0x0000000008001708       0x24 ./Display/st7789.o
                0x0000000008001708                ST7789_SetWindow
 .text.ST7789_SleepIn
                0x000000000800172c        0x8 ./Display/st7789.o
                0x000000000800172c                ST7789_SleepIn
 .text.ST7789_SleepOut
                0x0000000008001734        0x8 ./Display/st7789.o
                0x0000000008001734                ST7789_SleepOut
 .text.HAL_InitTick
                0x000000000800173c       0x48 ./Drivers/STM32F4xx_HAL_Driver/Src/stm32f4xx_hal.o
                0x000000000800173c                HAL_InitTick
 .text.HAL_Init
                0x0000000008001784       0x34 ./Drivers/STM32F4xx_HAL_Driver/Src/stm32f4xx_hal.o
                0x0000000008001784                HAL_Init
 .text.HAL_IncTick
                0x00000000080017b8       0x18 ./Drivers/STM32F4xx_HAL_Driver/Src/stm32f4xx_hal.o
                0x00000000080017b8                HAL_IncTick
 .text.HAL_NVIC_SetPriorityGrouping
                0x00000000080017d0       0x24 ./Drivers/STM32F4xx_HAL_Driver/Src/stm32f4xx_hal_cortex.o
                0x00000000080017d0                HAL_NVIC_SetPriorityGrouping
 .text.HAL_NVIC_SetPriority
                0x00000000080017f4       0x64 ./Drivers/STM32F4xx_HAL_Driver/Src/stm32f4xx_hal_cortex.o
                0x00000000080017f4                HAL_NVIC_SetPriority
 .text.HAL_SYSTICK_Config
                0x0000000008001858       0x28 ./Drivers/STM32F4xx_HAL_Driver/Src/stm32f4xx_hal_cortex.o
                0x0000000008001858                HAL_SYSTICK_Config
 .text.LL_GPIO_Init
                0x0000000008001880      0x13c ./Drivers/STM32F4xx_HAL_Driver/Src/stm32f4xx_ll_gpio.o
                0x0000000008001880                LL_GPIO_Init
 .text.LL_SPI_Init
                0x00000000080019bc       0x60 ./Drivers/STM32F4xx_HAL_Driver/Src/stm32f4xx_ll_spi.o
                0x00000000080019bc                LL_SPI_Init
 .text.LL_TIM_Init
                0x0000000008001a1c       0x98 ./Drivers/STM32F4xx_HAL_Driver/Src/stm32f4xx_ll_tim.o
                0x0000000008001a1c                LL_TIM_Init
 .text.LL_TIM_OC_Init
                0x0000000008001ab4      0x190 ./Drivers/STM32F4xx_HAL_Driver/Src/stm32f4xx_ll_tim.o
                0x0000000008001ab4                LL_TIM_OC_Init
 .text.LL_mDelay
                0x0000000008001c44       0x28 ./Drivers/STM32F4xx_HAL_Driver/Src/stm32f4xx_ll_utils.o
                0x0000000008001c44                LL_mDelay
 .text.LL_SetSystemCoreClock
                0x0000000008001c6c        0xc ./Drivers/STM32F4xx_HAL_Driver/Src/stm32f4xx_ll_utils.o
                0x0000000008001c6c                LL_SetSystemCoreClock
 .text.MX_FATFS_Init
                0x0000000008001c78       0x1c ./FATFS/App/fatfs.o
                0x0000000008001c78                MX_FATFS_Init
 .text.get_fattime
                0x0000000008001c94        0x4 ./FATFS/App/fatfs.o
                0x0000000008001c94                get_fattime
 .text.USER_initialize
                0x0000000008001c98        0x4 ./FATFS/Target/user_diskio.o
                0x0000000008001c98                USER_initialize
 .text.USER_status
                0x0000000008001c9c        0x4 ./FATFS/Target/user_diskio.o
                0x0000000008001c9c                USER_status
 .text.USER_read
                0x0000000008001ca0       0x1c ./FATFS/Target/user_diskio.o
                0x0000000008001ca0                USER_read
 .text.USER_write
                0x0000000008001cbc       0x1c ./FATFS/Target/user_diskio.o
                0x0000000008001cbc                USER_write
 .text.USER_ioctl
                0x0000000008001cd8        0x4 ./FATFS/Target/user_diskio.o
                0x0000000008001cd8                USER_ioctl
 .text.set_sd_interface_speed
                0x0000000008001cdc       0x28 ./FATFS/Target/user_diskio_spi_noHAL.o
 .text.spi_rw   0x0000000008001d04       0x14 ./FATFS/Target/user_diskio_spi_noHAL.o
 .text.SPI_DMA_TransmitReceive
                0x0000000008001d18      0x110 ./FATFS/Target/user_diskio_spi_noHAL.o
 .text.wait_ready
                0x0000000008001e28       0x14 ./FATFS/Target/user_diskio_spi_noHAL.o
 .text.send_cmd
                0x0000000008001e3c       0x90 ./FATFS/Target/user_diskio_spi_noHAL.o
 .text.rcvr_datablock
                0x0000000008001ecc       0x30 ./FATFS/Target/user_diskio_spi_noHAL.o
 .text.xmit_datablock
                0x0000000008001efc       0x4a ./FATFS/Target/user_diskio_spi_noHAL.o
 *fill*         0x0000000008001f46        0x2 
 .text.USER_SPI_initialize
                0x0000000008001f48      0x120 ./FATFS/Target/user_diskio_spi_noHAL.o
                0x0000000008001f48                USER_SPI_initialize
 .text.USER_SPI_status
                0x0000000008002068        0xc ./FATFS/Target/user_diskio_spi_noHAL.o
                0x0000000008002068                USER_SPI_status
 .text.USER_SPI_read
                0x0000000008002074       0x84 ./FATFS/Target/user_diskio_spi_noHAL.o
                0x0000000008002074                USER_SPI_read
 .text.USER_SPI_write
                0x00000000080020f8       0xa4 ./FATFS/Target/user_diskio_spi_noHAL.o
                0x00000000080020f8                USER_SPI_write
 .text.USER_SPI_ioctl
                0x000000000800219c      0x1d0 ./FATFS/Target/user_diskio_spi_noHAL.o
                0x000000000800219c                USER_SPI_ioctl
 .text.FileManagerSetDisplay
                0x000000000800236c        0x4 ./FileManager/filemanager.o
 .text.FileManagerSetWin
                0x0000000008002370        0xc ./FileManager/filemanager.o
 .text.FileManagerSetColor
                0x000000000800237c        0x4 ./FileManager/filemanager.o
 .text.FileManagerSetFont
                0x0000000008002380        0x4 ./FileManager/filemanager.o
 .text.FileManagerSetKeys
                0x0000000008002384        0xe ./FileManager/filemanager.o
 .text.FileManagerChangeActiveFlag
                0x0000000008002392        0x6 ./FileManager/filemanager.o
 .text.FileManagerGetStatus
                0x0000000008002398        0x6 ./FileManager/filemanager.o
 .text.FileManagerGetFilePath
                0x000000000800239e        0x4 ./FileManager/filemanager.o
 .text.FileManagerGetFileName
                0x00000000080023a2        0x4 ./FileManager/filemanager.o
 .text.findext  0x00000000080023a6       0x32 ./FileManager/filemanager.o
 .text.Dos866toCp1251
                0x00000000080023d8       0x48 ./FileManager/filemanager.o
                0x00000000080023d8                Dos866toCp1251
 .text.FileManagerShow
                0x0000000008002420      0x704 ./FileManager/filemanager.o
 .text.FileManagerNew
                0x0000000008002b24       0x80 ./FileManager/filemanager.o
                0x0000000008002b24                FileManagerNew
 .text.FileManagerPopupWin
                0x0000000008002ba4       0xe6 ./FileManager/filemanager.o
                0x0000000008002ba4                FileManagerPopupWin
 *fill*         0x0000000008002c8a        0x2 
 .text.KEYB_Add_Button
                0x0000000008002c8c       0x58 ./Keyboard/keyboard.o
                0x0000000008002c8c                KEYB_Add_Button
 .text.KEYB_Inkeys
                0x0000000008002ce4       0x54 ./Keyboard/keyboard.o
                0x0000000008002ce4                KEYB_Inkeys
 .text.KEYB_Input_Keys
                0x0000000008002d38       0xf8 ./Keyboard/keyboard.o
                0x0000000008002d38                KEYB_Input_Keys
 .text.disk_status
                0x0000000008002e30       0x14 ./Middlewares/Third_Party/FatFs/src/diskio.o
                0x0000000008002e30                disk_status
 .text.disk_initialize
                0x0000000008002e44       0x20 ./Middlewares/Third_Party/FatFs/src/diskio.o
                0x0000000008002e44                disk_initialize
 .text.disk_read
                0x0000000008002e64       0x1c ./Middlewares/Third_Party/FatFs/src/diskio.o
                0x0000000008002e64                disk_read
 .text.disk_write
                0x0000000008002e80       0x1c ./Middlewares/Third_Party/FatFs/src/diskio.o
                0x0000000008002e80                disk_write
 .text.disk_ioctl
                0x0000000008002e9c       0x1c ./Middlewares/Third_Party/FatFs/src/diskio.o
                0x0000000008002e9c                disk_ioctl
 .text.ld_dword
                0x0000000008002eb8        0x4 ./Middlewares/Third_Party/FatFs/src/ff.o
 .text.st_dword
                0x0000000008002ebc       0x10 ./Middlewares/Third_Party/FatFs/src/ff.o
 .text.mem_set  0x0000000008002ecc        0xc ./Middlewares/Third_Party/FatFs/src/ff.o
 .text.clust2sect
                0x0000000008002ed8       0x16 ./Middlewares/Third_Party/FatFs/src/ff.o
 .text.st_clust
                0x0000000008002eee       0x18 ./Middlewares/Third_Party/FatFs/src/ff.o
 .text.sum_sfn  0x0000000008002f06       0x1e ./Middlewares/Third_Party/FatFs/src/ff.o
 .text.get_ldnumber
                0x0000000008002f24       0x30 ./Middlewares/Third_Party/FatFs/src/ff.o
 .text.validate
                0x0000000008002f54       0x34 ./Middlewares/Third_Party/FatFs/src/ff.o
 .text.get_fileinfo
                0x0000000008002f88       0xea ./Middlewares/Third_Party/FatFs/src/ff.o
 .text.mem_cpy.part.0
                0x0000000008003072       0x12 ./Middlewares/Third_Party/FatFs/src/ff.o
 .text.sync_window.part.0
                0x0000000008003084       0x4c ./Middlewares/Third_Party/FatFs/src/ff.o
 .text.sync_window
                0x00000000080030d0        0xc ./Middlewares/Third_Party/FatFs/src/ff.o
 .text.move_window
                0x00000000080030dc       0x32 ./Middlewares/Third_Party/FatFs/src/ff.o
 *fill*         0x000000000800310e        0x2 
 .text.check_fs
                0x0000000008003110       0x74 ./Middlewares/Third_Party/FatFs/src/ff.o
 .text.find_volume
                0x0000000008003184      0x258 ./Middlewares/Third_Party/FatFs/src/ff.o
 .text.put_fat  0x00000000080033dc       0xfa ./Middlewares/Third_Party/FatFs/src/ff.o
 .text.sync_fs  0x00000000080034d6       0x96 ./Middlewares/Third_Party/FatFs/src/ff.o
 .text.ld_clust.isra.0
                0x000000000800356c       0x10 ./Middlewares/Third_Party/FatFs/src/ff.o
 .text.get_fat.isra.0
                0x000000000800357c       0xac ./Middlewares/Third_Party/FatFs/src/ff.o
 .text.remove_chain
                0x0000000008003628       0x70 ./Middlewares/Third_Party/FatFs/src/ff.o
 .text.create_chain
                0x0000000008003698       0xb0 ./Middlewares/Third_Party/FatFs/src/ff.o
 .text.dir_sdi  0x0000000008003748       0x82 ./Middlewares/Third_Party/FatFs/src/ff.o
 .text.dir_next
                0x00000000080037ca       0xea ./Middlewares/Third_Party/FatFs/src/ff.o
 .text.dir_find
                0x00000000080038b4      0x160 ./Middlewares/Third_Party/FatFs/src/ff.o
 .text.dir_register
                0x0000000008003a14      0x284 ./Middlewares/Third_Party/FatFs/src/ff.o
 .text.dir_read.constprop.0
                0x0000000008003c98       0xf4 ./Middlewares/Third_Party/FatFs/src/ff.o
 .text.follow_path
                0x0000000008003d8c      0x25c ./Middlewares/Third_Party/FatFs/src/ff.o
 .text.f_mount  0x0000000008003fe8       0x4c ./Middlewares/Third_Party/FatFs/src/ff.o
                0x0000000008003fe8                f_mount
 .text.f_open   0x0000000008004034      0x1be ./Middlewares/Third_Party/FatFs/src/ff.o
                0x0000000008004034                f_open
 .text.f_sync   0x00000000080041f2       0x92 ./Middlewares/Third_Party/FatFs/src/ff.o
                0x00000000080041f2                f_sync
 .text.f_close  0x0000000008004284       0x1a ./Middlewares/Third_Party/FatFs/src/ff.o
                0x0000000008004284                f_close
 .text.f_opendir
                0x000000000800429e       0x68 ./Middlewares/Third_Party/FatFs/src/ff.o
                0x000000000800429e                f_opendir
 .text.f_closedir
                0x0000000008004306       0x12 ./Middlewares/Third_Party/FatFs/src/ff.o
                0x0000000008004306                f_closedir
 .text.f_readdir
                0x0000000008004318       0x40 ./Middlewares/Third_Party/FatFs/src/ff.o
                0x0000000008004318                f_readdir
 .text.FATFS_LinkDriverEx
                0x0000000008004358       0x40 ./Middlewares/Third_Party/FatFs/src/ff_gen_drv.o
                0x0000000008004358                FATFS_LinkDriverEx
 .text.FATFS_LinkDriver
                0x0000000008004398        0x6 ./Middlewares/Third_Party/FatFs/src/ff_gen_drv.o
                0x0000000008004398                FATFS_LinkDriver
 *fill*         0x000000000800439e        0x2 
 .text.ff_convert
                0x00000000080043a0       0x3c ./Middlewares/Third_Party/FatFs/src/option/ccsbcs.o
                0x00000000080043a0                ff_convert
 .text.ff_wtoupper
                0x00000000080043dc       0x84 ./Middlewares/Third_Party/FatFs/src/option/ccsbcs.o
                0x00000000080043dc                ff_wtoupper
 .text.my_strcpy_fixed_sym
                0x0000000008004460       0x1e ./MyString/mystring.o
                0x0000000008004460                my_strcpy_fixed_sym
 .text.my_strcpy
                0x000000000800447e       0x12 ./MyString/mystring.o
                0x000000000800447e                my_strcpy
 .text.my_strlen
                0x0000000008004490        0xe ./MyString/mystring.o
                0x0000000008004490                my_strlen
 .text.my_strcat_fixed_sym
                0x000000000800449e       0x2a ./MyString/mystring.o
                0x000000000800449e                my_strcat_fixed_sym
 .text.my_strcat
                0x00000000080044c8       0x1c ./MyString/mystring.o
                0x00000000080044c8                my_strcat
 .text.my_strcpy_mem
                0x00000000080044e4       0x1e ./MyString/mystring.o
                0x00000000080044e4                my_strcpy_mem
 .text.my_strsplice
                0x0000000008004502       0x76 ./MyString/mystring.o
                0x0000000008004502                my_strsplice
 .text.calloc   0x0000000008004578       0x10 f:/st/stm32cubeide_1.1.0/stm32cubeide/plugins/com.st.stm32cube.ide.mcu.externaltools.gnu-tools-for-stm32.10.3-2021.10.win32_1.0.100.202210260954/tools/bin/../lib/gcc/arm-none-eabi/10.3.1/../../../../arm-none-eabi/lib/thumb/v7e-m+fp/hard\libc_nano.a(lib_a-calloc.o)
                0x0000000008004578                calloc
 .text.__errno  0x0000000008004588        0xc f:/st/stm32cubeide_1.1.0/stm32cubeide/plugins/com.st.stm32cube.ide.mcu.externaltools.gnu-tools-for-stm32.10.3-2021.10.win32_1.0.100.202210260954/tools/bin/../lib/gcc/arm-none-eabi/10.3.1/../../../../arm-none-eabi/lib/thumb/v7e-m+fp/hard\libc_nano.a(lib_a-errno.o)
                0x0000000008004588                __errno
 .text.__libc_init_array
                0x0000000008004594       0x48 f:/st/stm32cubeide_1.1.0/stm32cubeide/plugins/com.st.stm32cube.ide.mcu.externaltools.gnu-tools-for-stm32.10.3-2021.10.win32_1.0.100.202210260954/tools/bin/../lib/gcc/arm-none-eabi/10.3.1/../../../../arm-none-eabi/lib/thumb/v7e-m+fp/hard\libc_nano.a(lib_a-init.o)
                0x0000000008004594                __libc_init_array
 .text.free     0x00000000080045dc       0x10 f:/st/stm32cubeide_1.1.0/stm32cubeide/plugins/com.st.stm32cube.ide.mcu.externaltools.gnu-tools-for-stm32.10.3-2021.10.win32_1.0.100.202210260954/tools/bin/../lib/gcc/arm-none-eabi/10.3.1/../../../../arm-none-eabi/lib/thumb/v7e-m+fp/hard\libc_nano.a(lib_a-malloc.o)
                0x00000000080045dc                free
 .text.memcpy   0x00000000080045ec       0x1c f:/st/stm32cubeide_1.1.0/stm32cubeide/plugins/com.st.stm32cube.ide.mcu.externaltools.gnu-tools-for-stm32.10.3-2021.10.win32_1.0.100.202210260954/tools/bin/../lib/gcc/arm-none-eabi/10.3.1/../../../../arm-none-eabi/lib/thumb/v7e-m+fp/hard\libc_nano.a(lib_a-memcpy-stub.o)
                0x00000000080045ec                memcpy
 .text.memmove  0x0000000008004608       0x34 f:/st/stm32cubeide_1.1.0/stm32cubeide/plugins/com.st.stm32cube.ide.mcu.externaltools.gnu-tools-for-stm32.10.3-2021.10.win32_1.0.100.202210260954/tools/bin/../lib/gcc/arm-none-eabi/10.3.1/../../../../arm-none-eabi/lib/thumb/v7e-m+fp/hard\libc_nano.a(lib_a-memmove.o)
                0x0000000008004608                memmove
 .text.memset   0x000000000800463c       0x10 f:/st/stm32cubeide_1.1.0/stm32cubeide/plugins/com.st.stm32cube.ide.mcu.externaltools.gnu-tools-for-stm32.10.3-2021.10.win32_1.0.100.202210260954/tools/bin/../lib/gcc/arm-none-eabi/10.3.1/../../../../arm-none-eabi/lib/thumb/v7e-m+fp/hard\libc_nano.a(lib_a-memset.o)
                0x000000000800463c                memset
 .text._calloc_r
                0x000000000800464c       0x2c f:/st/stm32cubeide_1.1.0/stm32cubeide/plugins/com.st.stm32cube.ide.mcu.externaltools.gnu-tools-for-stm32.10.3-2021.10.win32_1.0.100.202210260954/tools/bin/../lib/gcc/arm-none-eabi/10.3.1/../../../../arm-none-eabi/lib/thumb/v7e-m+fp/hard\libc_nano.a(lib_a-nano-callocr.o)
                0x000000000800464c                _calloc_r
 .text._free_r  0x0000000008004678       0x98 f:/st/stm32cubeide_1.1.0/stm32cubeide/plugins/com.st.stm32cube.ide.mcu.externaltools.gnu-tools-for-stm32.10.3-2021.10.win32_1.0.100.202210260954/tools/bin/../lib/gcc/arm-none-eabi/10.3.1/../../../../arm-none-eabi/lib/thumb/v7e-m+fp/hard\libc_nano.a(lib_a-nano-freer.o)
                0x0000000008004678                _free_r
 .text.sbrk_aligned
                0x0000000008004710       0x40 f:/st/stm32cubeide_1.1.0/stm32cubeide/plugins/com.st.stm32cube.ide.mcu.externaltools.gnu-tools-for-stm32.10.3-2021.10.win32_1.0.100.202210260954/tools/bin/../lib/gcc/arm-none-eabi/10.3.1/../../../../arm-none-eabi/lib/thumb/v7e-m+fp/hard\libc_nano.a(lib_a-nano-mallocr.o)
 .text._malloc_r
                0x0000000008004750       0xe8 f:/st/stm32cubeide_1.1.0/stm32cubeide/plugins/com.st.stm32cube.ide.mcu.externaltools.gnu-tools-for-stm32.10.3-2021.10.win32_1.0.100.202210260954/tools/bin/../lib/gcc/arm-none-eabi/10.3.1/../../../../arm-none-eabi/lib/thumb/v7e-m+fp/hard\libc_nano.a(lib_a-nano-mallocr.o)
                0x0000000008004750                _malloc_r
 .text.realloc  0x0000000008004838       0x10 f:/st/stm32cubeide_1.1.0/stm32cubeide/plugins/com.st.stm32cube.ide.mcu.externaltools.gnu-tools-for-stm32.10.3-2021.10.win32_1.0.100.202210260954/tools/bin/../lib/gcc/arm-none-eabi/10.3.1/../../../../arm-none-eabi/lib/thumb/v7e-m+fp/hard\libc_nano.a(lib_a-realloc.o)
                0x0000000008004838                realloc
 .text._sbrk_r  0x0000000008004848       0x20 f:/st/stm32cubeide_1.1.0/stm32cubeide/plugins/com.st.stm32cube.ide.mcu.externaltools.gnu-tools-for-stm32.10.3-2021.10.win32_1.0.100.202210260954/tools/bin/../lib/gcc/arm-none-eabi/10.3.1/../../../../arm-none-eabi/lib/thumb/v7e-m+fp/hard\libc_nano.a(lib_a-sbrkr.o)
                0x0000000008004848                _sbrk_r
 .text.strstr   0x0000000008004868       0x2c f:/st/stm32cubeide_1.1.0/stm32cubeide/plugins/com.st.stm32cube.ide.mcu.externaltools.gnu-tools-for-stm32.10.3-2021.10.win32_1.0.100.202210260954/tools/bin/../lib/gcc/arm-none-eabi/10.3.1/../../../../arm-none-eabi/lib/thumb/v7e-m+fp/hard\libc_nano.a(lib_a-strstr.o)
                0x0000000008004868                strstr
 .text.__malloc_lock
                0x0000000008004894        0xc f:/st/stm32cubeide_1.1.0/stm32cubeide/plugins/com.st.stm32cube.ide.mcu.externaltools.gnu-tools-for-stm32.10.3-2021.10.win32_1.0.100.202210260954/tools/bin/../lib/gcc/arm-none-eabi/10.3.1/../../../../arm-none-eabi/lib/thumb/v7e-m+fp/hard\libc_nano.a(lib_a-mlock.o)
                0x0000000008004894                __malloc_lock
 .text.__malloc_unlock
                0x00000000080048a0        0xc f:/st/stm32cubeide_1.1.0/stm32cubeide/plugins/com.st.stm32cube.ide.mcu.externaltools.gnu-tools-for-stm32.10.3-2021.10.win32_1.0.100.202210260954/tools/bin/../lib/gcc/arm-none-eabi/10.3.1/../../../../arm-none-eabi/lib/thumb/v7e-m+fp/hard\libc_nano.a(lib_a-mlock.o)
                0x00000000080048a0                __malloc_unlock
 .text._realloc_r
                0x00000000080048ac       0x5e f:/st/stm32cubeide_1.1.0/stm32cubeide/plugins/com.st.stm32cube.ide.mcu.externaltools.gnu-tools-for-stm32.10.3-2021.10.win32_1.0.100.202210260954/tools/bin/../lib/gcc/arm-none-eabi/10.3.1/../../../../arm-none-eabi/lib/thumb/v7e-m+fp/hard\libc_nano.a(lib_a-nano-reallocr.o)
                0x00000000080048ac                _realloc_r
 .text.__retarget_lock_acquire_recursive
                0x000000000800490a        0x2 f:/st/stm32cubeide_1.1.0/stm32cubeide/plugins/com.st.stm32cube.ide.mcu.externaltools.gnu-tools-for-stm32.10.3-2021.10.win32_1.0.100.202210260954/tools/bin/../lib/gcc/arm-none-eabi/10.3.1/../../../../arm-none-eabi/lib/thumb/v7e-m+fp/hard\libc_nano.a(lib_a-lock.o)
                0x000000000800490a                __retarget_lock_acquire_recursive
 .text.__retarget_lock_release_recursive
                0x000000000800490c        0x2 f:/st/stm32cubeide_1.1.0/stm32cubeide/plugins/com.st.stm32cube.ide.mcu.externaltools.gnu-tools-for-stm32.10.3-2021.10.win32_1.0.100.202210260954/tools/bin/../lib/gcc/arm-none-eabi/10.3.1/../../../../arm-none-eabi/lib/thumb/v7e-m+fp/hard\libc_nano.a(lib_a-lock.o)
                0x000000000800490c                __retarget_lock_release_recursive
 .text._malloc_usable_size_r
                0x000000000800490e       0x10 f:/st/stm32cubeide_1.1.0/stm32cubeide/plugins/com.st.stm32cube.ide.mcu.externaltools.gnu-tools-for-stm32.10.3-2021.10.win32_1.0.100.202210260954/tools/bin/../lib/gcc/arm-none-eabi/10.3.1/../../../../arm-none-eabi/lib/thumb/v7e-m+fp/hard\libc_nano.a(lib_a-nano-msizer.o)
                0x000000000800490e                _malloc_usable_size_r
 *(.glue_7)
 .glue_7        0x000000000800491e        0x0 linker stubs
 *(.glue_7t)
 .glue_7t       0x000000000800491e        0x0 linker stubs
 *(.eh_frame)
 *fill*         0x000000000800491e        0x2 
 .eh_frame      0x0000000008004920        0x0 f:/st/stm32cubeide_1.1.0/stm32cubeide/plugins/com.st.stm32cube.ide.mcu.externaltools.gnu-tools-for-stm32.10.3-2021.10.win32_1.0.100.202210260954/tools/bin/../lib/gcc/arm-none-eabi/10.3.1/thumb/v7e-m+fp/hard/crtbegin.o
 *(.init)
 .init          0x0000000008004920        0x4 f:/st/stm32cubeide_1.1.0/stm32cubeide/plugins/com.st.stm32cube.ide.mcu.externaltools.gnu-tools-for-stm32.10.3-2021.10.win32_1.0.100.202210260954/tools/bin/../lib/gcc/arm-none-eabi/10.3.1/thumb/v7e-m+fp/hard/crti.o
                0x0000000008004920                _init
 .init          0x0000000008004924        0x8 f:/st/stm32cubeide_1.1.0/stm32cubeide/plugins/com.st.stm32cube.ide.mcu.externaltools.gnu-tools-for-stm32.10.3-2021.10.win32_1.0.100.202210260954/tools/bin/../lib/gcc/arm-none-eabi/10.3.1/thumb/v7e-m+fp/hard/crtn.o
 *(.fini)
 .fini          0x000000000800492c        0x4 f:/st/stm32cubeide_1.1.0/stm32cubeide/plugins/com.st.stm32cube.ide.mcu.externaltools.gnu-tools-for-stm32.10.3-2021.10.win32_1.0.100.202210260954/tools/bin/../lib/gcc/arm-none-eabi/10.3.1/thumb/v7e-m+fp/hard/crti.o
                0x000000000800492c                _fini
 .fini          0x0000000008004930        0x8 f:/st/stm32cubeide_1.1.0/stm32cubeide/plugins/com.st.stm32cube.ide.mcu.externaltools.gnu-tools-for-stm32.10.3-2021.10.win32_1.0.100.202210260954/tools/bin/../lib/gcc/arm-none-eabi/10.3.1/thumb/v7e-m+fp/hard/crtn.o
                0x0000000008004938                . = ALIGN (0x4)
                0x0000000008004938                _etext = .

.vfp11_veneer   0x0000000008004938        0x0
 .vfp11_veneer  0x0000000008004938        0x0 linker stubs

.v4_bx          0x0000000008004938        0x0
 .v4_bx         0x0000000008004938        0x0 linker stubs

.iplt           0x0000000008004938        0x0
 .iplt          0x0000000008004938        0x0 f:/st/stm32cubeide_1.1.0/stm32cubeide/plugins/com.st.stm32cube.ide.mcu.externaltools.gnu-tools-for-stm32.10.3-2021.10.win32_1.0.100.202210260954/tools/bin/../lib/gcc/arm-none-eabi/10.3.1/thumb/v7e-m+fp/hard/crtbegin.o

.rodata         0x0000000008004938     0x37b0
                0x0000000008004938                . = ALIGN (0x4)
 *(.rodata)
 .rodata        0x0000000008004938       0x38 ./Core/Src/main.o
 .rodata        0x0000000008004970        0x8 ./Display/display.o
 *(.rodata*)
 .rodata.main.str1.1
                0x0000000008004978       0x42 ./Core/Src/main.o
 .rodata.STREAM_OFFSET_TAB
                0x00000000080049ba        0x8 ./Display/display.o
 .rodata.Font12x20
                0x00000000080049c2     0x2300 ./Display/fonts.o
 .rodata.FileManagerShow.str1.1
                0x0000000008006cc2        0x3 ./FileManager/filemanager.o
                                          0x5 (size before relaxing)
 .rodata.FileManagerNew.str1.1
                0x0000000008006cc5        0x3 ./FileManager/filemanager.o
                                          0x1 (size before relaxing)
 .rodata.FM_audio_types
                0x0000000008006cc5       0xa1 ./FileManager/filemanager.o
                0x0000000008006cc5                FM_audio_types
 .rodata.FM_data_types
                0x0000000008006d66       0xb9 ./FileManager/filemanager.o
                0x0000000008006d66                FM_data_types
 .rodata.FM_picture_types
                0x0000000008006e1f       0xab ./FileManager/filemanager.o
                0x0000000008006e1f                FM_picture_types
 .rodata.FM_video_types
                0x0000000008006eca       0x77 ./FileManager/filemanager.o
                0x0000000008006eca                FM_video_types
 *fill*         0x0000000008006f41        0x3 
 .rodata.Icon_Audio
                0x0000000008006f44        0x8 ./FileManager/icons.o
                0x0000000008006f44                Icon_Audio
 .rodata.Icon_Catalog
                0x0000000008006f4c        0x8 ./FileManager/icons.o
                0x0000000008006f4c                Icon_Catalog
 .rodata.Icon_Other
                0x0000000008006f54        0x8 ./FileManager/icons.o
                0x0000000008006f54                Icon_Other
 .rodata.Icon_Picture
                0x0000000008006f5c        0x8 ./FileManager/icons.o
                0x0000000008006f5c                Icon_Picture
 .rodata.Icon_Prev
                0x0000000008006f64        0x8 ./FileManager/icons.o
                0x0000000008006f64                Icon_Prev
 .rodata.Icon_Text
                0x0000000008006f6c        0x8 ./FileManager/icons.o
                0x0000000008006f6c                Icon_Text
 .rodata.Icon_Video
                0x0000000008006f74        0x8 ./FileManager/icons.o
                0x0000000008006f74                Icon_Video
 .rodata.image_data_audio
                0x0000000008006f7c      0x1e0 ./FileManager/icons.o
                0x0000000008006f7c                image_data_audio
 .rodata.image_data_catalog
                0x000000000800715c      0x1e0 ./FileManager/icons.o
                0x000000000800715c                image_data_catalog
 .rodata.image_data_other
                0x000000000800733c      0x1e0 ./FileManager/icons.o
                0x000000000800733c                image_data_other
 .rodata.image_data_picture
                0x000000000800751c      0x1e0 ./FileManager/icons.o
                0x000000000800751c                image_data_picture
 .rodata.image_data_prev
                0x00000000080076fc      0x1e0 ./FileManager/icons.o
                0x00000000080076fc                image_data_prev
 .rodata.image_data_text
                0x00000000080078dc      0x1e0 ./FileManager/icons.o
                0x00000000080078dc                image_data_text
 .rodata.image_data_video
                0x0000000008007abc      0x1e0 ./FileManager/icons.o
                0x0000000008007abc                image_data_video
 .rodata.follow_path.str1.1
                0x0000000008007c9c       0x10 ./Middlewares/Third_Party/FatFs/src/ff.o
 .rodata.ExCvt  0x0000000008007cac       0x80 ./Middlewares/Third_Party/FatFs/src/ff.o
 .rodata.LfnOfs
                0x0000000008007d2c        0xd ./Middlewares/Third_Party/FatFs/src/ff.o
 *fill*         0x0000000008007d39        0x1 
 .rodata.Tbl    0x0000000008007d3a      0x100 ./Middlewares/Third_Party/FatFs/src/option/ccsbcs.o
 .rodata.cvt1.1
                0x0000000008007e3a      0x1f2 ./Middlewares/Third_Party/FatFs/src/option/ccsbcs.o
 .rodata.cvt2.0
                0x000000000800802c       0xbc ./Middlewares/Third_Party/FatFs/src/option/ccsbcs.o
                0x00000000080080e8                . = ALIGN (0x4)

.rel.dyn        0x00000000080080e8        0x0
 .rel.iplt      0x00000000080080e8        0x0 f:/st/stm32cubeide_1.1.0/stm32cubeide/plugins/com.st.stm32cube.ide.mcu.externaltools.gnu-tools-for-stm32.10.3-2021.10.win32_1.0.100.202210260954/tools/bin/../lib/gcc/arm-none-eabi/10.3.1/thumb/v7e-m+fp/hard/crtbegin.o

.ARM.extab      0x00000000080080e8        0x0
                0x00000000080080e8                . = ALIGN (0x4)
 *(.ARM.extab* .gnu.linkonce.armextab.*)
                0x00000000080080e8                . = ALIGN (0x4)

.ARM            0x00000000080080e8        0x0
                0x00000000080080e8                . = ALIGN (0x4)
                0x00000000080080e8                __exidx_start = .
 *(.ARM.exidx*)
                0x00000000080080e8                __exidx_end = .
                0x00000000080080e8                . = ALIGN (0x4)

.preinit_array  0x00000000080080e8        0x0
                0x00000000080080e8                . = ALIGN (0x4)
                0x00000000080080e8                PROVIDE (__preinit_array_start = .)
 *(.preinit_array*)
                0x00000000080080e8                PROVIDE (__preinit_array_end = .)
                0x00000000080080e8                . = ALIGN (0x4)

.init_array     0x00000000080080e8        0x4
                0x00000000080080e8                . = ALIGN (0x4)
                0x00000000080080e8                PROVIDE (__init_array_start = .)
 *(SORT_BY_NAME(.init_array.*))
 *(.init_array*)
 .init_array    0x00000000080080e8        0x4 f:/st/stm32cubeide_1.1.0/stm32cubeide/plugins/com.st.stm32cube.ide.mcu.externaltools.gnu-tools-for-stm32.10.3-2021.10.win32_1.0.100.202210260954/tools/bin/../lib/gcc/arm-none-eabi/10.3.1/thumb/v7e-m+fp/hard/crtbegin.o
                0x00000000080080ec                PROVIDE (__init_array_end = .)
                0x00000000080080ec                . = ALIGN (0x4)

.fini_array     0x00000000080080ec        0x4
                0x00000000080080ec                . = ALIGN (0x4)
                [!provide]                        PROVIDE (__fini_array_start = .)
 *(SORT_BY_NAME(.fini_array.*))
 *(.fini_array*)
 .fini_array    0x00000000080080ec        0x4 f:/st/stm32cubeide_1.1.0/stm32cubeide/plugins/com.st.stm32cube.ide.mcu.externaltools.gnu-tools-for-stm32.10.3-2021.10.win32_1.0.100.202210260954/tools/bin/../lib/gcc/arm-none-eabi/10.3.1/thumb/v7e-m+fp/hard/crtbegin.o
                [!provide]                        PROVIDE (__fini_array_end = .)
                0x00000000080080f0                . = ALIGN (0x4)
                0x00000000080080f0                _sidata = LOADADDR (.data)

.data           0x0000000020000000      0x11c load address 0x00000000080080f0
                0x0000000020000000                . = ALIGN (0x4)
                0x0000000020000000                _sdata = .
 *(.data)
 *(.data*)
 .data.SystemCoreClock
                0x0000000020000000        0x4 ./Core/Src/system_stm32f4xx.o
                0x0000000020000000                SystemCoreClock
 .data.Font_12x20
                0x0000000020000004        0xc ./Display/fonts.o
                0x0000000020000004                Font_12x20
 .data.st7789_init_str
                0x0000000020000010       0x6d ./Display/st7789.o
                0x0000000020000010                st7789_init_str
 .data.st7789_setwin_str
                0x000000002000007d       0x12 ./Display/st7789.o
                0x000000002000007d                st7789_setwin_str
 .data.st7789_sleepin_str
                0x000000002000008f        0x6 ./Display/st7789.o
                0x000000002000008f                st7789_sleepin_str
 .data.st7789_sleepout_str
                0x0000000020000095        0x6 ./Display/st7789.o
                0x0000000020000095                st7789_sleepout_str
 .data.uwTickFreq
                0x000000002000009b        0x1 ./Drivers/STM32F4xx_HAL_Driver/Src/stm32f4xx_hal.o
                0x000000002000009b                uwTickFreq
 .data.uwTickPrio
                0x000000002000009c        0x4 ./Drivers/STM32F4xx_HAL_Driver/Src/stm32f4xx_hal.o
                0x000000002000009c                uwTickPrio
 .data.USER_Driver
                0x00000000200000a0       0x14 ./FATFS/Target/user_diskio.o
                0x00000000200000a0                USER_Driver
 .data.Stat     0x00000000200000b4        0x1 ./FATFS/Target/user_diskio_spi_noHAL.o
 .data.tmp.0    0x00000000200000b5        0x1 ./FATFS/Target/user_diskio_spi_noHAL.o
 *fill*         0x00000000200000b6        0x2 
 .data._impure_ptr
                0x00000000200000b8        0x4 f:/st/stm32cubeide_1.1.0/stm32cubeide/plugins/com.st.stm32cube.ide.mcu.externaltools.gnu-tools-for-stm32.10.3-2021.10.win32_1.0.100.202210260954/tools/bin/../lib/gcc/arm-none-eabi/10.3.1/../../../../arm-none-eabi/lib/thumb/v7e-m+fp/hard\libc_nano.a(lib_a-impure.o)
                0x00000000200000b8                _impure_ptr
 .data.impure_data
                0x00000000200000bc       0x60 f:/st/stm32cubeide_1.1.0/stm32cubeide/plugins/com.st.stm32cube.ide.mcu.externaltools.gnu-tools-for-stm32.10.3-2021.10.win32_1.0.100.202210260954/tools/bin/../lib/gcc/arm-none-eabi/10.3.1/../../../../arm-none-eabi/lib/thumb/v7e-m+fp/hard\libc_nano.a(lib_a-impure.o)
 *(.RamFunc)
 *(.RamFunc*)
                0x000000002000011c                . = ALIGN (0x4)
                0x000000002000011c                _edata = .

.igot.plt       0x000000002000011c        0x0 load address 0x000000000800820c
 .igot.plt      0x000000002000011c        0x0 f:/st/stm32cubeide_1.1.0/stm32cubeide/plugins/com.st.stm32cube.ide.mcu.externaltools.gnu-tools-for-stm32.10.3-2021.10.win32_1.0.100.202210260954/tools/bin/../lib/gcc/arm-none-eabi/10.3.1/thumb/v7e-m+fp/hard/crtbegin.o
                0x000000002000011c                . = ALIGN (0x4)

.bss            0x000000002000011c      0x71c load address 0x000000000800820c
                0x000000002000011c                _sbss = .
                0x000000002000011c                __bss_start__ = _sbss
 *(.bss)
 .bss           0x000000002000011c       0x1c f:/st/stm32cubeide_1.1.0/stm32cubeide/plugins/com.st.stm32cube.ide.mcu.externaltools.gnu-tools-for-stm32.10.3-2021.10.win32_1.0.100.202210260954/tools/bin/../lib/gcc/arm-none-eabi/10.3.1/thumb/v7e-m+fp/hard/crtbegin.o
 *(.bss*)
 .bss.__sbrk_heap_end
                0x0000000020000138        0x4 ./Core/Src/sysmem.o
 .bss.LCD       0x000000002000013c        0x4 ./Display/display.o
                0x000000002000013c                LCD
 .bss.uwTick    0x0000000020000140        0x4 ./Drivers/STM32F4xx_HAL_Driver/Src/stm32f4xx_hal.o
                0x0000000020000140                uwTick
 .bss.USERFatFS
                0x0000000020000144      0x234 ./FATFS/App/fatfs.o
                0x0000000020000144                USERFatFS
 .bss.USERFile  0x0000000020000378      0x22c ./FATFS/App/fatfs.o
                0x0000000020000378                USERFile
 .bss.USERPath  0x00000000200005a4        0x4 ./FATFS/App/fatfs.o
                0x00000000200005a4                USERPath
 .bss.retUSER   0x00000000200005a8        0x1 ./FATFS/App/fatfs.o
                0x00000000200005a8                retUSER
 .bss.CardType  0x00000000200005a9        0x1 ./FATFS/Target/user_diskio_spi_noHAL.o
 .bss.KEYB_all_button
                0x00000000200005aa        0x1 ./Keyboard/keyboard.o
                0x00000000200005aa                KEYB_all_button
 .bss.KEYB_contact_counter
                0x00000000200005ab        0x1 ./Keyboard/keyboard.o
                0x00000000200005ab                KEYB_contact_counter
 .bss.KEYB_count_key
                0x00000000200005ac        0x1 ./Keyboard/keyboard.o
                0x00000000200005ac                KEYB_count_key
 *fill*         0x00000000200005ad        0x3 
 .bss.KEYB_key_buff
                0x00000000200005b0       0x50 ./Keyboard/keyboard.o
                0x00000000200005b0                KEYB_key_buff
 .bss.KEYB_keys_map
                0x0000000020000600        0x4 ./Keyboard/keyboard.o
                0x0000000020000600                KEYB_keys_map
 .bss.KEYB_old_keys
                0x0000000020000604        0x4 ./Keyboard/keyboard.o
                0x0000000020000604                KEYB_old_keys
 .bss.KEYB_repeat_count
                0x0000000020000608        0x4 ./Keyboard/keyboard.o
                0x0000000020000608                KEYB_repeat_count
 .bss.KEYB_repeat_fl
                0x000000002000060c        0x1 ./Keyboard/keyboard.o
                0x000000002000060c                KEYB_repeat_fl
 *fill*         0x000000002000060d        0x3 
 .bss.KEYB_repeat_pre_count
                0x0000000020000610        0x4 ./Keyboard/keyboard.o
                0x0000000020000610                KEYB_repeat_pre_count
 .bss.FatFs     0x0000000020000614        0x4 ./Middlewares/Third_Party/FatFs/src/ff.o
 .bss.Fsid      0x0000000020000618        0x2 ./Middlewares/Third_Party/FatFs/src/ff.o
 .bss.LfnBuf    0x000000002000061a      0x200 ./Middlewares/Third_Party/FatFs/src/ff.o
 *fill*         0x000000002000081a        0x2 
 .bss.disk      0x000000002000081c        0xc ./Middlewares/Third_Party/FatFs/src/ff_gen_drv.o
                0x000000002000081c                disk
 .bss.__malloc_free_list
                0x0000000020000828        0x4 f:/st/stm32cubeide_1.1.0/stm32cubeide/plugins/com.st.stm32cube.ide.mcu.externaltools.gnu-tools-for-stm32.10.3-2021.10.win32_1.0.100.202210260954/tools/bin/../lib/gcc/arm-none-eabi/10.3.1/../../../../arm-none-eabi/lib/thumb/v7e-m+fp/hard\libc_nano.a(lib_a-nano-mallocr.o)
                0x0000000020000828                __malloc_free_list
 .bss.__malloc_sbrk_start
                0x000000002000082c        0x4 f:/st/stm32cubeide_1.1.0/stm32cubeide/plugins/com.st.stm32cube.ide.mcu.externaltools.gnu-tools-for-stm32.10.3-2021.10.win32_1.0.100.202210260954/tools/bin/../lib/gcc/arm-none-eabi/10.3.1/../../../../arm-none-eabi/lib/thumb/v7e-m+fp/hard\libc_nano.a(lib_a-nano-mallocr.o)
                0x000000002000082c                __malloc_sbrk_start
 .bss.errno     0x0000000020000830        0x4 f:/st/stm32cubeide_1.1.0/stm32cubeide/plugins/com.st.stm32cube.ide.mcu.externaltools.gnu-tools-for-stm32.10.3-2021.10.win32_1.0.100.202210260954/tools/bin/../lib/gcc/arm-none-eabi/10.3.1/../../../../arm-none-eabi/lib/thumb/v7e-m+fp/hard\libc_nano.a(lib_a-reent.o)
                0x0000000020000830                errno
 .bss.__lock___malloc_recursive_mutex
                0x0000000020000834        0x1 f:/st/stm32cubeide_1.1.0/stm32cubeide/plugins/com.st.stm32cube.ide.mcu.externaltools.gnu-tools-for-stm32.10.3-2021.10.win32_1.0.100.202210260954/tools/bin/../lib/gcc/arm-none-eabi/10.3.1/../../../../arm-none-eabi/lib/thumb/v7e-m+fp/hard\libc_nano.a(lib_a-lock.o)
                0x0000000020000834                __lock___malloc_recursive_mutex
 *(COMMON)
                0x0000000020000838                . = ALIGN (0x4)
 *fill*         0x0000000020000835        0x3 
                0x0000000020000838                _ebss = .
                0x0000000020000838                __bss_end__ = _ebss

._user_heap_stack
                0x0000000020000838      0x600 load address 0x000000000800820c
                0x0000000020000838                . = ALIGN (0x8)
                [!provide]                        PROVIDE (end = .)
                0x0000000020000838                PROVIDE (_end = .)
                0x0000000020000a38                . = (. + _Min_Heap_Size)
 *fill*         0x0000000020000838      0x200 
                0x0000000020000e38                . = (. + _Min_Stack_Size)
 *fill*         0x0000000020000a38      0x400 
                0x0000000020000e38                . = ALIGN (0x8)

/DISCARD/
 libc.a(*)
 libm.a(*)
 libgcc.a(*)

.ARM.attributes
                0x0000000000000000       0x30
 *(.ARM.attributes)
 .ARM.attributes
                0x0000000000000000       0x1e f:/st/stm32cubeide_1.1.0/stm32cubeide/plugins/com.st.stm32cube.ide.mcu.externaltools.gnu-tools-for-stm32.10.3-2021.10.win32_1.0.100.202210260954/tools/bin/../lib/gcc/arm-none-eabi/10.3.1/thumb/v7e-m+fp/hard/crti.o
 .ARM.attributes
                0x000000000000001e       0x34 f:/st/stm32cubeide_1.1.0/stm32cubeide/plugins/com.st.stm32cube.ide.mcu.externaltools.gnu-tools-for-stm32.10.3-2021.10.win32_1.0.100.202210260954/tools/bin/../lib/gcc/arm-none-eabi/10.3.1/thumb/v7e-m+fp/hard/crtbegin.o
 .ARM.attributes
                0x0000000000000052       0x34 ./Core/Src/main.o
 .ARM.attributes
                0x0000000000000086       0x34 ./Core/Src/stm32f4xx_hal_msp.o
 .ARM.attributes
                0x00000000000000ba       0x34 ./Core/Src/stm32f4xx_it.o
 .ARM.attributes
                0x00000000000000ee       0x34 ./Core/Src/sysmem.o
 .ARM.attributes
                0x0000000000000122       0x34 ./Core/Src/system_stm32f4xx.o
 .ARM.attributes
                0x0000000000000156       0x21 ./Core/Startup/startup_stm32f401ccux.o
 .ARM.attributes
                0x0000000000000177       0x34 ./Display/display.o
 .ARM.attributes
                0x00000000000001ab       0x34 ./Display/fonts.o
 .ARM.attributes
                0x00000000000001df       0x34 ./Display/st7789.o
 .ARM.attributes
                0x0000000000000213       0x34 ./Drivers/STM32F4xx_HAL_Driver/Src/stm32f4xx_hal.o
 .ARM.attributes
                0x0000000000000247       0x34 ./Drivers/STM32F4xx_HAL_Driver/Src/stm32f4xx_hal_cortex.o
 .ARM.attributes
                0x000000000000027b       0x34 ./Drivers/STM32F4xx_HAL_Driver/Src/stm32f4xx_ll_gpio.o
 .ARM.attributes
                0x00000000000002af       0x34 ./Drivers/STM32F4xx_HAL_Driver/Src/stm32f4xx_ll_spi.o
 .ARM.attributes
                0x00000000000002e3       0x34 ./Drivers/STM32F4xx_HAL_Driver/Src/stm32f4xx_ll_tim.o
 .ARM.attributes
                0x0000000000000317       0x34 ./Drivers/STM32F4xx_HAL_Driver/Src/stm32f4xx_ll_utils.o
 .ARM.attributes
                0x000000000000034b       0x34 ./FATFS/App/fatfs.o
 .ARM.attributes
                0x000000000000037f       0x34 ./FATFS/Target/user_diskio.o
 .ARM.attributes
                0x00000000000003b3       0x34 ./FATFS/Target/user_diskio_spi_noHAL.o
 .ARM.attributes
                0x00000000000003e7       0x34 ./FileManager/filemanager.o
 .ARM.attributes
                0x000000000000041b       0x34 ./FileManager/icons.o
 .ARM.attributes
                0x000000000000044f       0x34 ./Keyboard/keyboard.o
 .ARM.attributes
                0x0000000000000483       0x34 ./Middlewares/Third_Party/FatFs/src/diskio.o
 .ARM.attributes
                0x00000000000004b7       0x34 ./Middlewares/Third_Party/FatFs/src/ff.o
 .ARM.attributes
                0x00000000000004eb       0x34 ./Middlewares/Third_Party/FatFs/src/ff_gen_drv.o
 .ARM.attributes
                0x000000000000051f       0x34 ./Middlewares/Third_Party/FatFs/src/option/ccsbcs.o
 .ARM.attributes
                0x0000000000000553       0x34 ./MyString/mystring.o
 .ARM.attributes
                0x0000000000000587       0x34 f:/st/stm32cubeide_1.1.0/stm32cubeide/plugins/com.st.stm32cube.ide.mcu.externaltools.gnu-tools-for-stm32.10.3-2021.10.win32_1.0.100.202210260954/tools/bin/../lib/gcc/arm-none-eabi/10.3.1/../../../../arm-none-eabi/lib/thumb/v7e-m+fp/hard\libc_nano.a(lib_a-calloc.o)
 .ARM.attributes
                0x00000000000005bb       0x34 f:/st/stm32cubeide_1.1.0/stm32cubeide/plugins/com.st.stm32cube.ide.mcu.externaltools.gnu-tools-for-stm32.10.3-2021.10.win32_1.0.100.202210260954/tools/bin/../lib/gcc/arm-none-eabi/10.3.1/../../../../arm-none-eabi/lib/thumb/v7e-m+fp/hard\libc_nano.a(lib_a-errno.o)
 .ARM.attributes
                0x00000000000005ef       0x34 f:/st/stm32cubeide_1.1.0/stm32cubeide/plugins/com.st.stm32cube.ide.mcu.externaltools.gnu-tools-for-stm32.10.3-2021.10.win32_1.0.100.202210260954/tools/bin/../lib/gcc/arm-none-eabi/10.3.1/../../../../arm-none-eabi/lib/thumb/v7e-m+fp/hard\libc_nano.a(lib_a-impure.o)
 .ARM.attributes
                0x0000000000000623       0x34 f:/st/stm32cubeide_1.1.0/stm32cubeide/plugins/com.st.stm32cube.ide.mcu.externaltools.gnu-tools-for-stm32.10.3-2021.10.win32_1.0.100.202210260954/tools/bin/../lib/gcc/arm-none-eabi/10.3.1/../../../../arm-none-eabi/lib/thumb/v7e-m+fp/hard\libc_nano.a(lib_a-init.o)
 .ARM.attributes
                0x0000000000000657       0x34 f:/st/stm32cubeide_1.1.0/stm32cubeide/plugins/com.st.stm32cube.ide.mcu.externaltools.gnu-tools-for-stm32.10.3-2021.10.win32_1.0.100.202210260954/tools/bin/../lib/gcc/arm-none-eabi/10.3.1/../../../../arm-none-eabi/lib/thumb/v7e-m+fp/hard\libc_nano.a(lib_a-malloc.o)
 .ARM.attributes
                0x000000000000068b       0x34 f:/st/stm32cubeide_1.1.0/stm32cubeide/plugins/com.st.stm32cube.ide.mcu.externaltools.gnu-tools-for-stm32.10.3-2021.10.win32_1.0.100.202210260954/tools/bin/../lib/gcc/arm-none-eabi/10.3.1/../../../../arm-none-eabi/lib/thumb/v7e-m+fp/hard\libc_nano.a(lib_a-memcpy-stub.o)
 .ARM.attributes
                0x00000000000006bf       0x34 f:/st/stm32cubeide_1.1.0/stm32cubeide/plugins/com.st.stm32cube.ide.mcu.externaltools.gnu-tools-for-stm32.10.3-2021.10.win32_1.0.100.202210260954/tools/bin/../lib/gcc/arm-none-eabi/10.3.1/../../../../arm-none-eabi/lib/thumb/v7e-m+fp/hard\libc_nano.a(lib_a-memmove.o)
 .ARM.attributes
                0x00000000000006f3       0x34 f:/st/stm32cubeide_1.1.0/stm32cubeide/plugins/com.st.stm32cube.ide.mcu.externaltools.gnu-tools-for-stm32.10.3-2021.10.win32_1.0.100.202210260954/tools/bin/../lib/gcc/arm-none-eabi/10.3.1/../../../../arm-none-eabi/lib/thumb/v7e-m+fp/hard\libc_nano.a(lib_a-memset.o)
 .ARM.attributes
                0x0000000000000727       0x34 f:/st/stm32cubeide_1.1.0/stm32cubeide/plugins/com.st.stm32cube.ide.mcu.externaltools.gnu-tools-for-stm32.10.3-2021.10.win32_1.0.100.202210260954/tools/bin/../lib/gcc/arm-none-eabi/10.3.1/../../../../arm-none-eabi/lib/thumb/v7e-m+fp/hard\libc_nano.a(lib_a-nano-callocr.o)
 .ARM.attributes
                0x000000000000075b       0x34 f:/st/stm32cubeide_1.1.0/stm32cubeide/plugins/com.st.stm32cube.ide.mcu.externaltools.gnu-tools-for-stm32.10.3-2021.10.win32_1.0.100.202210260954/tools/bin/../lib/gcc/arm-none-eabi/10.3.1/../../../../arm-none-eabi/lib/thumb/v7e-m+fp/hard\libc_nano.a(lib_a-nano-freer.o)
 .ARM.attributes
                0x000000000000078f       0x34 f:/st/stm32cubeide_1.1.0/stm32cubeide/plugins/com.st.stm32cube.ide.mcu.externaltools.gnu-tools-for-stm32.10.3-2021.10.win32_1.0.100.202210260954/tools/bin/../lib/gcc/arm-none-eabi/10.3.1/../../../../arm-none-eabi/lib/thumb/v7e-m+fp/hard\libc_nano.a(lib_a-nano-mallocr.o)
 .ARM.attributes
                0x00000000000007c3       0x34 f:/st/stm32cubeide_1.1.0/stm32cubeide/plugins/com.st.stm32cube.ide.mcu.externaltools.gnu-tools-for-stm32.10.3-2021.10.win32_1.0.100.202210260954/tools/bin/../lib/gcc/arm-none-eabi/10.3.1/../../../../arm-none-eabi/lib/thumb/v7e-m+fp/hard\libc_nano.a(lib_a-realloc.o)
 .ARM.attributes
                0x00000000000007f7       0x34 f:/st/stm32cubeide_1.1.0/stm32cubeide/plugins/com.st.stm32cube.ide.mcu.externaltools.gnu-tools-for-stm32.10.3-2021.10.win32_1.0.100.202210260954/tools/bin/../lib/gcc/arm-none-eabi/10.3.1/../../../../arm-none-eabi/lib/thumb/v7e-m+fp/hard\libc_nano.a(lib_a-sbrkr.o)
 .ARM.attributes
                0x000000000000082b       0x17 f:/st/stm32cubeide_1.1.0/stm32cubeide/plugins/com.st.stm32cube.ide.mcu.externaltools.gnu-tools-for-stm32.10.3-2021.10.win32_1.0.100.202210260954/tools/bin/../lib/gcc/arm-none-eabi/10.3.1/../../../../arm-none-eabi/lib/thumb/v7e-m+fp/hard\libc_nano.a(lib_a-strlen.o)
 .ARM.attributes
                0x0000000000000842       0x34 f:/st/stm32cubeide_1.1.0/stm32cubeide/plugins/com.st.stm32cube.ide.mcu.externaltools.gnu-tools-for-stm32.10.3-2021.10.win32_1.0.100.202210260954/tools/bin/../lib/gcc/arm-none-eabi/10.3.1/../../../../arm-none-eabi/lib/thumb/v7e-m+fp/hard\libc_nano.a(lib_a-strstr.o)
 .ARM.attributes
                0x0000000000000876       0x34 f:/st/stm32cubeide_1.1.0/stm32cubeide/plugins/com.st.stm32cube.ide.mcu.externaltools.gnu-tools-for-stm32.10.3-2021.10.win32_1.0.100.202210260954/tools/bin/../lib/gcc/arm-none-eabi/10.3.1/../../../../arm-none-eabi/lib/thumb/v7e-m+fp/hard\libc_nano.a(lib_a-mlock.o)
 .ARM.attributes
                0x00000000000008aa       0x34 f:/st/stm32cubeide_1.1.0/stm32cubeide/plugins/com.st.stm32cube.ide.mcu.externaltools.gnu-tools-for-stm32.10.3-2021.10.win32_1.0.100.202210260954/tools/bin/../lib/gcc/arm-none-eabi/10.3.1/../../../../arm-none-eabi/lib/thumb/v7e-m+fp/hard\libc_nano.a(lib_a-nano-reallocr.o)
 .ARM.attributes
                0x00000000000008de       0x34 f:/st/stm32cubeide_1.1.0/stm32cubeide/plugins/com.st.stm32cube.ide.mcu.externaltools.gnu-tools-for-stm32.10.3-2021.10.win32_1.0.100.202210260954/tools/bin/../lib/gcc/arm-none-eabi/10.3.1/../../../../arm-none-eabi/lib/thumb/v7e-m+fp/hard\libc_nano.a(lib_a-reent.o)
 .ARM.attributes
                0x0000000000000912       0x34 f:/st/stm32cubeide_1.1.0/stm32cubeide/plugins/com.st.stm32cube.ide.mcu.externaltools.gnu-tools-for-stm32.10.3-2021.10.win32_1.0.100.202210260954/tools/bin/../lib/gcc/arm-none-eabi/10.3.1/../../../../arm-none-eabi/lib/thumb/v7e-m+fp/hard\libc_nano.a(lib_a-lock.o)
 .ARM.attributes
                0x0000000000000946       0x34 f:/st/stm32cubeide_1.1.0/stm32cubeide/plugins/com.st.stm32cube.ide.mcu.externaltools.gnu-tools-for-stm32.10.3-2021.10.win32_1.0.100.202210260954/tools/bin/../lib/gcc/arm-none-eabi/10.3.1/../../../../arm-none-eabi/lib/thumb/v7e-m+fp/hard\libc_nano.a(lib_a-nano-msizer.o)
 .ARM.attributes
                0x000000000000097a       0x1e f:/st/stm32cubeide_1.1.0/stm32cubeide/plugins/com.st.stm32cube.ide.mcu.externaltools.gnu-tools-for-stm32.10.3-2021.10.win32_1.0.100.202210260954/tools/bin/../lib/gcc/arm-none-eabi/10.3.1/thumb/v7e-m+fp/hard/crtn.o
OUTPUT(stm32f401ccu6_filemanager.elf elf32-littlearm)
LOAD linker stubs
LOAD f:/st/stm32cubeide_1.1.0/stm32cubeide/plugins/com.st.stm32cube.ide.mcu.externaltools.gnu-tools-for-stm32.10.3-2021.10.win32_1.0.100.202210260954/tools/bin/../lib/gcc/arm-none-eabi/10.3.1/../../../../arm-none-eabi/lib/thumb/v7e-m+fp/hard\libc.a
LOAD f:/st/stm32cubeide_1.1.0/stm32cubeide/plugins/com.st.stm32cube.ide.mcu.externaltools.gnu-tools-for-stm32.10.3-2021.10.win32_1.0.100.202210260954/tools/bin/../lib/gcc/arm-none-eabi/10.3.1/../../../../arm-none-eabi/lib/thumb/v7e-m+fp/hard\libm.a
LOAD f:/st/stm32cubeide_1.1.0/stm32cubeide/plugins/com.st.stm32cube.ide.mcu.externaltools.gnu-tools-for-stm32.10.3-2021.10.win32_1.0.100.202210260954/tools/bin/../lib/gcc/arm-none-eabi/10.3.1/thumb/v7e-m+fp/hard\libgcc.a

.comment        0x0000000000000000       0x50
 .comment       0x0000000000000000       0x50 ./Core/Src/main.o
                                         0x51 (size before relaxing)
 .comment       0x0000000000000050       0x51 ./Core/Src/stm32f4xx_hal_msp.o
 .comment       0x0000000000000050       0x51 ./Core/Src/stm32f4xx_it.o
 .comment       0x0000000000000050       0x51 ./Core/Src/sysmem.o
 .comment       0x0000000000000050       0x51 ./Core/Src/system_stm32f4xx.o
 .comment       0x0000000000000050       0x51 ./Display/display.o
 .comment       0x0000000000000050       0x51 ./Display/fonts.o
 .comment       0x0000000000000050       0x51 ./Display/st7789.o
 .comment       0x0000000000000050       0x51 ./Drivers/STM32F4xx_HAL_Driver/Src/stm32f4xx_hal.o
 .comment       0x0000000000000050       0x51 ./Drivers/STM32F4xx_HAL_Driver/Src/stm32f4xx_hal_cortex.o
 .comment       0x0000000000000050       0x51 ./Drivers/STM32F4xx_HAL_Driver/Src/stm32f4xx_ll_gpio.o
 .comment       0x0000000000000050       0x51 ./Drivers/STM32F4xx_HAL_Driver/Src/stm32f4xx_ll_spi.o
 .comment       0x0000000000000050       0x51 ./Drivers/STM32F4xx_HAL_Driver/Src/stm32f4xx_ll_tim.o
 .comment       0x0000000000000050       0x51 ./Drivers/STM32F4xx_HAL_Driver/Src/stm32f4xx_ll_utils.o
 .comment       0x0000000000000050       0x51 ./FATFS/App/fatfs.o
 .comment       0x0000000000000050       0x51 ./FATFS/Target/user_diskio.o
 .comment       0x0000000000000050       0x51 ./FATFS/Target/user_diskio_spi_noHAL.o
 .comment       0x0000000000000050       0x51 ./FileManager/filemanager.o
 .comment       0x0000000000000050       0x51 ./FileManager/icons.o
 .comment       0x0000000000000050       0x51 ./Keyboard/keyboard.o
 .comment       0x0000000000000050       0x51 ./Middlewares/Third_Party/FatFs/src/diskio.o
 .comment       0x0000000000000050       0x51 ./Middlewares/Third_Party/FatFs/src/ff.o
 .comment       0x0000000000000050       0x51 ./Middlewares/Third_Party/FatFs/src/ff_gen_drv.o
 .comment       0x0000000000000050       0x51 ./Middlewares/Third_Party/FatFs/src/option/ccsbcs.o
 .comment       0x0000000000000050       0x51 ./MyString/mystring.o

.debug_frame    0x0000000000000000      0x3d0
 .debug_frame   0x0000000000000000       0x20 f:/st/stm32cubeide_1.1.0/stm32cubeide/plugins/com.st.stm32cube.ide.mcu.externaltools.gnu-tools-for-stm32.10.3-2021.10.win32_1.0.100.202210260954/tools/bin/../lib/gcc/arm-none-eabi/10.3.1/../../../../arm-none-eabi/lib/thumb/v7e-m+fp/hard\libc_nano.a(lib_a-calloc.o)
 .debug_frame   0x0000000000000020       0x20 f:/st/stm32cubeide_1.1.0/stm32cubeide/plugins/com.st.stm32cube.ide.mcu.externaltools.gnu-tools-for-stm32.10.3-2021.10.win32_1.0.100.202210260954/tools/bin/../lib/gcc/arm-none-eabi/10.3.1/../../../../arm-none-eabi/lib/thumb/v7e-m+fp/hard\libc_nano.a(lib_a-errno.o)
 .debug_frame   0x0000000000000040       0x2c f:/st/stm32cubeide_1.1.0/stm32cubeide/plugins/com.st.stm32cube.ide.mcu.externaltools.gnu-tools-for-stm32.10.3-2021.10.win32_1.0.100.202210260954/tools/bin/../lib/gcc/arm-none-eabi/10.3.1/../../../../arm-none-eabi/lib/thumb/v7e-m+fp/hard\libc_nano.a(lib_a-init.o)
 .debug_frame   0x000000000000006c       0x30 f:/st/stm32cubeide_1.1.0/stm32cubeide/plugins/com.st.stm32cube.ide.mcu.externaltools.gnu-tools-for-stm32.10.3-2021.10.win32_1.0.100.202210260954/tools/bin/../lib/gcc/arm-none-eabi/10.3.1/../../../../arm-none-eabi/lib/thumb/v7e-m+fp/hard\libc_nano.a(lib_a-malloc.o)
 .debug_frame   0x000000000000009c       0x28 f:/st/stm32cubeide_1.1.0/stm32cubeide/plugins/com.st.stm32cube.ide.mcu.externaltools.gnu-tools-for-stm32.10.3-2021.10.win32_1.0.100.202210260954/tools/bin/../lib/gcc/arm-none-eabi/10.3.1/../../../../arm-none-eabi/lib/thumb/v7e-m+fp/hard\libc_nano.a(lib_a-memcpy-stub.o)
 .debug_frame   0x00000000000000c4       0x28 f:/st/stm32cubeide_1.1.0/stm32cubeide/plugins/com.st.stm32cube.ide.mcu.externaltools.gnu-tools-for-stm32.10.3-2021.10.win32_1.0.100.202210260954/tools/bin/../lib/gcc/arm-none-eabi/10.3.1/../../../../arm-none-eabi/lib/thumb/v7e-m+fp/hard\libc_nano.a(lib_a-memmove.o)
 .debug_frame   0x00000000000000ec       0x20 f:/st/stm32cubeide_1.1.0/stm32cubeide/plugins/com.st.stm32cube.ide.mcu.externaltools.gnu-tools-for-stm32.10.3-2021.10.win32_1.0.100.202210260954/tools/bin/../lib/gcc/arm-none-eabi/10.3.1/../../../../arm-none-eabi/lib/thumb/v7e-m+fp/hard\libc_nano.a(lib_a-memset.o)
 .debug_frame   0x000000000000010c       0x30 f:/st/stm32cubeide_1.1.0/stm32cubeide/plugins/com.st.stm32cube.ide.mcu.externaltools.gnu-tools-for-stm32.10.3-2021.10.win32_1.0.100.202210260954/tools/bin/../lib/gcc/arm-none-eabi/10.3.1/../../../../arm-none-eabi/lib/thumb/v7e-m+fp/hard\libc_nano.a(lib_a-nano-callocr.o)
 .debug_frame   0x000000000000013c       0x38 f:/st/stm32cubeide_1.1.0/stm32cubeide/plugins/com.st.stm32cube.ide.mcu.externaltools.gnu-tools-for-stm32.10.3-2021.10.win32_1.0.100.202210260954/tools/bin/../lib/gcc/arm-none-eabi/10.3.1/../../../../arm-none-eabi/lib/thumb/v7e-m+fp/hard\libc_nano.a(lib_a-nano-freer.o)
 .debug_frame   0x0000000000000174       0x4c f:/st/stm32cubeide_1.1.0/stm32cubeide/plugins/com.st.stm32cube.ide.mcu.externaltools.gnu-tools-for-stm32.10.3-2021.10.win32_1.0.100.202210260954/tools/bin/../lib/gcc/arm-none-eabi/10.3.1/../../../../arm-none-eabi/lib/thumb/v7e-m+fp/hard\libc_nano.a(lib_a-nano-mallocr.o)
 .debug_frame   0x00000000000001c0       0x20 f:/st/stm32cubeide_1.1.0/stm32cubeide/plugins/com.st.stm32cube.ide.mcu.externaltools.gnu-tools-for-stm32.10.3-2021.10.win32_1.0.100.202210260954/tools/bin/../lib/gcc/arm-none-eabi/10.3.1/../../../../arm-none-eabi/lib/thumb/v7e-m+fp/hard\libc_nano.a(lib_a-realloc.o)
 .debug_frame   0x00000000000001e0       0x2c f:/st/stm32cubeide_1.1.0/stm32cubeide/plugins/com.st.stm32cube.ide.mcu.externaltools.gnu-tools-for-stm32.10.3-2021.10.win32_1.0.100.202210260954/tools/bin/../lib/gcc/arm-none-eabi/10.3.1/../../../../arm-none-eabi/lib/thumb/v7e-m+fp/hard\libc_nano.a(lib_a-sbrkr.o)
 .debug_frame   0x000000000000020c       0x2c f:/st/stm32cubeide_1.1.0/stm32cubeide/plugins/com.st.stm32cube.ide.mcu.externaltools.gnu-tools-for-stm32.10.3-2021.10.win32_1.0.100.202210260954/tools/bin/../lib/gcc/arm-none-eabi/10.3.1/../../../../arm-none-eabi/lib/thumb/v7e-m+fp/hard\libc_nano.a(lib_a-strstr.o)
 .debug_frame   0x0000000000000238       0x30 f:/st/stm32cubeide_1.1.0/stm32cubeide/plugins/com.st.stm32cube.ide.mcu.externaltools.gnu-tools-for-stm32.10.3-2021.10.win32_1.0.100.202210260954/tools/bin/../lib/gcc/arm-none-eabi/10.3.1/../../../../arm-none-eabi/lib/thumb/v7e-m+fp/hard\libc_nano.a(lib_a-mlock.o)
 .debug_frame   0x0000000000000268       0x3c f:/st/stm32cubeide_1.1.0/stm32cubeide/plugins/com.st.stm32cube.ide.mcu.externaltools.gnu-tools-for-stm32.10.3-2021.10.win32_1.0.100.202210260954/tools/bin/../lib/gcc/arm-none-eabi/10.3.1/../../../../arm-none-eabi/lib/thumb/v7e-m+fp/hard\libc_nano.a(lib_a-nano-reallocr.o)
 .debug_frame   0x00000000000002a4       0x5c f:/st/stm32cubeide_1.1.0/stm32cubeide/plugins/com.st.stm32cube.ide.mcu.externaltools.gnu-tools-for-stm32.10.3-2021.10.win32_1.0.100.202210260954/tools/bin/../lib/gcc/arm-none-eabi/10.3.1/../../../../arm-none-eabi/lib/thumb/v7e-m+fp/hard\libc_nano.a(lib_a-reent.o)
 .debug_frame   0x0000000000000300       0xb0 f:/st/stm32cubeide_1.1.0/stm32cubeide/plugins/com.st.stm32cube.ide.mcu.externaltools.gnu-tools-for-stm32.10.3-2021.10.win32_1.0.100.202210260954/tools/bin/../lib/gcc/arm-none-eabi/10.3.1/../../../../arm-none-eabi/lib/thumb/v7e-m+fp/hard\libc_nano.a(lib_a-lock.o)
 .debug_frame   0x00000000000003b0       0x20 f:/st/stm32cubeide_1.1.0/stm32cubeide/plugins/com.st.stm32cube.ide.mcu.externaltools.gnu-tools-for-stm32.10.3-2021.10.win32_1.0.100.202210260954/tools/bin/../lib/gcc/arm-none-eabi/10.3.1/../../../../arm-none-eabi/lib/thumb/v7e-m+fp/hard\libc_nano.a(lib_a-nano-msizer.o)
