../FileManager/filemanager.c:139:20:FileManagerSetDisplay	0	static
../FileManager/filemanager.c:145:20:FileManagerSetWin	0	static
../FileManager/filemanager.c:154:20:FileManagerSetColor	0	static
../FileManager/filemanager.c:160:20:FileManagerSetFont	0	static
../FileManager/filemanager.c:166:20:FileManagerSetKeys	0	static
../FileManager/filemanager.c:175:20:FileManagerChangeActiveFlag	0	static
../FileManager/filemanager.c:181:23:FileManagerGetStatus	0	static
../FileManager/filemanager.c:187:21:FileManagerGetFilePath	0	static
../FileManager/filemanager.c:193:21:FileManagerGetFileName	0	static
../FileManager/filemanager.c:56:16:findext	16	static
../FileManager/filemanager.c:75:6:Dos866toCp1251	24	static
../FileManager/filemanager.c:208:13:FileManagerShow	984	static,ignoring_inline_asm
../FileManager/filemanager.c:535:23:FileManagerNew	8	static
../FileManager/filemanager.c:555:6:FileManagerDelete	8	static
../FileManager/filemanager.c:569:6:FileManagerPopupWin	72	static
